Microchip MPLAB XC8 Compiler V1.45 ()

Linker command line:

--edf=C:\Program Files (x86)\Microchip\xc8\v1.45\dat\en_msgs.txt -cs \
  -h+dist/PICDEM_FSUSB_K50/production\picdem_fs_usb_k50.x.production.sym \
  --cmf=dist/PICDEM_FSUSB_K50/production\picdem_fs_usb_k50.x.production.cmf \
  -z -Q18F45K50 -oC:\Users\KYLE~1.MAR\AppData\Local\Temp\sai8.2 \
  -Mdist/PICDEM_FSUSB_K50/production/picdem_fs_usb_k50.x.production.map -E1 \
  -ver=XC8 -ASTACK=07Dh-03ffh -pstack=STACK -ACODE=00h-07FFFh \
  -ACONST=00h-07FFFh -ASMALLCONST=0800h-08FFhx120 \
  -AMEDIUMCONST=0800h-07FFFh -ACOMRAM=01h-05Fh -AABS1=00h-07FFh \
  -ABIGRAM=01h-07FFh -ARAM=060h-0FFh,0100h-01FFhx7 -ABANK0=060h-0FFh \
  -ABANK1=0100h-01FFh -ABANK2=0200h-02FFh -ABANK3=0300h-03FFh \
  -ABANK4=0400h-04FFh -ABANK5=0500h-05FFh -ABANK6=0600h-06FFh \
  -ABANK7=0700h-07FFh -ASFR=0F53h-0F5Fh,0F60h-0FFFh \
  -preset_vec=00h,intcode=08h,intcodelo,powerup,init -pramtop=0800h \
  -psmallconst=SMALLCONST -pmediumconst=MEDIUMCONST -pconst=CONST \
  -AFARRAM=00h-00h -ACONFIG=0300000h-030000Dh -pconfig=CONFIG \
  -AIDLOC=0200000h-0200007h -pidloc=IDLOC -AEEDATA=0F00000h-0F000FFh \
  -peeprom_data=EEDATA \
  -prdata=COMRAM,nvrram=COMRAM,nvbit=COMRAM,rbss=COMRAM,rbit=COMRAM \
  -pfarbss=FARRAM,fardata=FARRAM,nvFARRAM=FARRAM \
  -pintsave_regs=BIGRAM,bigbss=BIGRAM,bigdata=BIGRAM -pbss=RAM \
  -pidata=CODE,irdata=CODE,ibigdata=CODE,ifardata=CODE -prparam=COMRAM \
  C:\Users\KYLE~1.MAR\AppData\Local\Temp\sai8.obj \
  dist/PICDEM_FSUSB_K50/production\picdem_fs_usb_k50.x.production.obj 

Object code version is 3.11

Machine type is 18F45K50

Call graph: (short form)




                Name                               Link     Load   Length Selector   Space Scale
C:\Users\KYLE~1.MAR\AppData\Local\Temp\sai8.obj
                init                                 9E       9E        4        4       0
                reset_vec                             0        0        4        0       0
                idloc                            200000   200000        8   200000       0
                config                           300000   300000        E   300000       0
dist/PICDEM_FSUSB_K50/production\picdem_fs_usb_k50.x.production.obj
                intcode                               8        8       96        4       0
                temp                                 4D       4D        1        1       1
                smallconst                          800      800       DC      400       0
                text36                             1D4C     1D4C       38      46E       0
                text35                             1040     1040      102      46E       0
                text34                             1704     1704       B6      46E       0
                text33                             14BE     14BE       C6      46E       0
                text32                             1646     1646       BE      46E       0
                text31                             1584     1584       C2      46E       0
                text30                              F32      F32      10E      46E       0
                text29                             1BA8     1BA8       5C      46E       0
                text28                             1984     1984       94      46E       0
                text27                             1C8E     1C8E       44      46E       0
                text26                             1F0E     1F0E       14      46E       0
                text25                             1DBA     1DBA       36      46E       0
                text24                             1D84     1D84       36      46E       0
                text23                             1AAA     1AAA       80      46E       0
                text22                             1E7E     1E7E       2A      46E       0
                text21                             1C04     1C04       46      46E       0
                text20                             1D14     1D14       38      46E       0
                text19                             13EE     13EE       D0      46E       0
                text18                             1B2A     1B2A       7E      46E       0
                text17                              8DC      8DC      2A2      46E       0
                text16                              E18      E18      11A      46E       0
                text15                             17BA     17BA       9C      46E       0
                text14                             1E52     1E52       2C      46E       0
                text13                             1234     1234       E0      46E       0
                text12                             1314     1314       DA      46E       0
                text11                             18EE     18EE       96      46E       0
                text10                             1142     1142       F2      46E       0
                text9                              1A18     1A18       92      46E       0
                text8                              1C4A     1C4A       44      46E       0
                text7                              1856     1856       98      46E       0
                text6                               CDC      CDC      13C      46E       0
                text5                              1EEE     1EEE       20      46E       0
                text4                              1CD2     1CD2       42      46E       0
                text3                              1E24     1E24       2E      46E       0
                text2                              1DF0     1DF0       34      46E       0
                text1                               B7E      B7E      15E      46E       0
                text0                              1ECE     1ECE       20      46E       0
                cstackCOMRAM                         30       30       1D        1       1
                cstackBANK0                          60       60       11       60       1
                bssBANK0                             71       71        C       60       1
                bssCOMRAM                             1        1       2F        1       1
                cinit                              1EA8     1EA8       26      46E       0

TOTAL           Name                               Link     Load   Length     Space
        CLASS   STACK          

        CLASS   CODE           
                intcode                               8        8       96         0
                init                                 9E       9E        4         0
                reset_vec                             0        0        4         0
                text36                             1D4C     1D4C       38         0
                text35                             1040     1040      102         0
                text34                             1704     1704       B6         0
                text33                             14BE     14BE       C6         0
                text32                             1646     1646       BE         0
                text31                             1584     1584       C2         0
                text30                              F32      F32      10E         0
                text29                             1BA8     1BA8       5C         0
                text28                             1984     1984       94         0
                text27                             1C8E     1C8E       44         0
                text26                             1F0E     1F0E       14         0
                text25                             1DBA     1DBA       36         0
                text24                             1D84     1D84       36         0
                text23                             1AAA     1AAA       80         0
                text22                             1E7E     1E7E       2A         0
                text21                             1C04     1C04       46         0
                text20                             1D14     1D14       38         0
                text19                             13EE     13EE       D0         0
                text18                             1B2A     1B2A       7E         0
                text17                              8DC      8DC      2A2         0
                text16                              E18      E18      11A         0
                text15                             17BA     17BA       9C         0
                text14                             1E52     1E52       2C         0
                text13                             1234     1234       E0         0
                text12                             1314     1314       DA         0
                text11                             18EE     18EE       96         0
                text10                             1142     1142       F2         0
                text9                              1A18     1A18       92         0
                text8                              1C4A     1C4A       44         0
                text7                              1856     1856       98         0
                text6                               CDC      CDC      13C         0
                text5                              1EEE     1EEE       20         0
                text4                              1CD2     1CD2       42         0
                text3                              1E24     1E24       2E         0
                text2                              1DF0     1DF0       34         0
                text1                               B7E      B7E      15E         0
                text0                              1ECE     1ECE       20         0
                cinit                              1EA8     1EA8       26         0

        CLASS   CONST          

        CLASS   SMALLCONST     
                smallconst                          800      800       DC         0

        CLASS   MEDIUMCONST    

        CLASS   COMRAM         
                temp                                 4D       4D        1         1
                cstackCOMRAM                         30       30       1D         1
                bssCOMRAM                             1        1       2F         1

        CLASS   ABS1           
                abs_s1                              400      400       30         1
                abs_s1                              500      500        7         1

        CLASS   BIGRAM         

        CLASS   RAM            

        CLASS   BANK0          
                cstackBANK0                          60       60       11         1
                bssBANK0                             71       71        C         1

        CLASS   BANK1          

        CLASS   BANK2          

        CLASS   BANK3          

        CLASS   BANK4          

        CLASS   BANK5          

        CLASS   BANK6          

        CLASS   BANK7          

        CLASS   SFR            

        CLASS   FARRAM         

        CLASS   CONFIG         
                config                           300000   300000        E         0

        CLASS   IDLOC          
                idloc                            200000   200000        8         0

        CLASS   EEDATA         



SEGMENTS        Name                           Load    Length   Top    Selector   Space  Class

                reset_vec                      000000  000004  000004         0       0  CODE    
                bssCOMRAM                      000001  00004D  00004E         1       1  COMRAM  
                intcode                        000008  00009A  0000A2         4       0  CODE    
                cstackBANK0                    000060  00001D  00007D        60       1  BANK0   
                smallconst                     000800  0000DC  0008DC       400       0  SMALLCON
                text17                         0008DC  001646  001F22       46E       0  CODE    
                idloc                          200000  000008  200008    200000       0  IDLOC   
                config                         300000  00000E  30000E    300000       0  CONFIG  


UNUSED ADDRESS RANGES

        Name                Unused          Largest block    Delta
        BANK0            00007D-0000FF               83
        BANK1            000100-0001FF              100
        BANK2            000200-0002FF              100
        BANK3            000300-0003FF              100
        BANK4            000430-0004FF               D0
        BANK5            000507-0005FF               F9
        BANK6            000600-0006FF              100
        BANK7            000700-0007FF              100
        BIGRAM           00004E-00005F               12
                         00007D-0003FF              383
                         000430-0004FF               D0
                         000507-0007FF              2F9
        CODE             000004-000007                4
                         0000A2-0007FF              75E
                         001F22-007FFF             60DE
        COMRAM           00004E-00005F               12
        CONST            000004-000007                4
                         0000A2-0007FF              75E
                         001F22-007FFF             60DE
        EEDATA           F00000-F000FF              100
        MEDIUMCONST      001F22-007FFF             60DE
        RAM              00007D-0003FF              100
                         000430-0004FF               D0
                         000507-0007FF              100
        SFR              000F53-000FFF                D
        SMALLCONST       001F22-007FFF              100
        STACK            00007D-0003FF              383

                                  Symbol Table

?_USBTransferOnePacket                    cstackCOMRAM 000042
APP_LEDUpdateUSBStatus@ledCount           bssCOMRAM    000011
BUTTON_Enable@button                      cstackCOMRAM 000042
BUTTON_IsPressed@button                   cstackCOMRAM 000042
LED_Enable@led                            cstackCOMRAM 000042
LED_Off@led                               cstackCOMRAM 000042
LED_On@led                                cstackCOMRAM 000042
SYSTEM_Initialize@state                   cstackCOMRAM 000043
USBConfigureEndpoint@EPNum                cstackCOMRAM 000047
USBConfigureEndpoint@direction            cstackCOMRAM 000042
USBConfigureEndpoint@handle               cstackCOMRAM 000048
USBCtrlTrfInHandler@lastDTS               cstackCOMRAM 000043
USBCtrlTrfRxService@byteToRead            cstackCOMRAM 000043
USBCtrlTrfRxService@i                     cstackCOMRAM 000042
USBCtrlTrfTxService@byteToSend            cstackCOMRAM 000042
USBDeviceInit@i                           cstackCOMRAM 00004A
USBDeviceTasks@i                          cstackBANK0  000070
USBEnableEndpoint@ep                      cstackBANK0  000062
USBEnableEndpoint@options                 cstackCOMRAM 00004A
USBEnableEndpoint@p                       cstackBANK0  000060
USBStdFeatureReqHandler@current_ep_data   cstackBANK0  00006C
USBStdFeatureReqHandler@p                 cstackBANK0  00006D
USBStdFeatureReqHandler@pUEP              cstackBANK0  00006A
USBStdGetStatusHandler@p                  cstackCOMRAM 000043
USBStdSetCfgHandler@i                     cstackBANK0  000069
USBTransferOnePacket@data                 cstackCOMRAM 000043
USBTransferOnePacket@dir                  cstackCOMRAM 000042
USBTransferOnePacket@ep                   cstackCOMRAM 00004A
USBTransferOnePacket@handle               cstackCOMRAM 00004B
USBTransferOnePacket@len                  cstackCOMRAM 000045
USER_USB_CALLBACK_EVENT_HANDLER@event     cstackBANK0  000063
USER_USB_CALLBACK_EVENT_HANDLER@pdata     cstackBANK0  000065
USER_USB_CALLBACK_EVENT_HANDLER@size      cstackBANK0  000067
_ACTCON                                   (abs)        000FB5
_ANSELBbits                               (abs)        000F5C
_ANSELDbits                               (abs)        000F5E
_APP_DeviceJoystickInitialize             text26       001F0E
_APP_DeviceJoystickTasks                  text34       001704
_APP_LEDUpdateUSBStatus                   text23       001AAA
_BDT                                      (abs)        000400
_BUTTON_Enable                            text22       001E7E
_BUTTON_IsPressed                         text36       001D4C
_BothEP0OutUOWNsSet                       bssCOMRAM    000024
_CtrlTrfData                              (abs)        000428
_LATDbits                                 (abs)        000F8C
_LED_Enable                               text21       001C04
_LED_Off                                  text25       001DBA
_LED_On                                   text24       001D84
_OSCCON                                   (abs)        000FD3
_OSCCON2                                  (abs)        000FD2
_OSCCON2bits                              (abs)        000FD2
_OSCTUNE                                  (abs)        000F9B
_PIE3bits                                 (abs)        000FA3
_PIR3bits                                 (abs)        000FA4
_PORTBbits                                (abs)        000F81
_RemoteWakeup                             bssCOMRAM    000027
_SYSTEM_Initialize                        text20       001D14
_SYS_InterruptHigh                        intcode      000008
_SetupPkt                                 (abs)        000420
_TRISBbits                                (abs)        000F93
_TRISDbits                                (abs)        000F95
_UADDR                                    (abs)        000F63
_UCFG                                     (abs)        000F62
_UCON                                     (abs)        000F60
_UCONbits                                 (abs)        000F60
_UEIE                                     (abs)        000F66
_UEIR                                     (abs)        000F67
_UEP0                                     (abs)        000F6A
_UEP0bits                                 (abs)        000F6A
_UEP1                                     (abs)        000F6B
_UIE                                      (abs)        000F64
_UIEbits                                  (abs)        000F64
_UIR                                      (abs)        000F65
_UIRbits                                  (abs)        000F65
_USB1msTickCount                          bssBANK0     000079
_USBActiveConfiguration                   bssCOMRAM    00002F
_USBAlternateInterface                    bssCOMRAM    00002E
_USBBusIsSuspended                        bssCOMRAM    000026
_USBCheckHIDRequest                       text19       0013EE
_USBCheckStdRequest                       text12       001314
_USBConfigureEndpoint                     text28       001984
_USBCtrlEPAllowDataStage                  text11       0018EE
_USBCtrlEPAllowStatusStage                text31       001584
_USBCtrlEPService                         text7        001856
_USBCtrlEPServiceComplete                 text10       001142
_USBCtrlTrfInHandler                      text32       001646
_USBCtrlTrfOutHandler                     text29       001BA8
_USBCtrlTrfRxService                      text30       000F32
_USBCtrlTrfSetupHandler                   text9        001A18
_USBCtrlTrfTxService                      text33       0014BE
_USBDeferINDataStagePackets               bssCOMRAM    00001F
_USBDeferOUTDataStagePackets              bssCOMRAM    00001E
_USBDeferStatusStagePacket                bssCOMRAM    000022
_USBDeviceInit                            text6        000CDC
_USBDeviceState                           bssCOMRAM    00002A
_USBDeviceTasks                           text1        000B7E
_USBEnableEndpoint                        text27       001C8E
_USBIncrement1msInternalTimers            text5        001EEE
_USBStallHandler                          text4        001CD2
_USBStatusStageEnabledFlag1               bssCOMRAM    000021
_USBStatusStageEnabledFlag2               bssCOMRAM    000020
_USBStatusStageTimeoutCounter             bssCOMRAM    000023
_USBStdFeatureReqHandler                  text17       0008DC
_USBStdGetDscHandler                      text16       000E18
_USBStdGetStatusHandler                   text15       0017BA
_USBStdSetCfgHandler                      text13       001234
_USBSuspend                               text3        001E24
_USBTicksSinceSuspendEnd                  bssCOMRAM    00001D
_USBTransferOnePacket                     text35       001040
_USBWakeFromSuspend                       text2        001DF0
_USB_CD_Ptr                               smallconst   000807
_USB_SD_Ptr                               smallconst   000801
_USER_USB_CALLBACK_EVENT_HANDLER          text18       001B2A
_USTAT                                    (abs)        000F61
_USTATcopy                                bssCOMRAM    00002D
__CFG_BOREN$SBORDIS                       (abs)        000000
__CFG_BORV$190                            (abs)        000000
__CFG_CCP2MX$RC1                          (abs)        000000
__CFG_CFGPLLEN$OFF                        (abs)        000000
__CFG_CP0$OFF                             (abs)        000000
__CFG_CP1$OFF                             (abs)        000000
__CFG_CP2$OFF                             (abs)        000000
__CFG_CP3$OFF                             (abs)        000000
__CFG_CPB$OFF                             (abs)        000000
__CFG_CPD$OFF                             (abs)        000000
__CFG_CPUDIV$NOCLKDIV                     (abs)        000000
__CFG_EBTR0$OFF                           (abs)        000000
__CFG_EBTR1$OFF                           (abs)        000000
__CFG_EBTR2$OFF                           (abs)        000000
__CFG_EBTR3$OFF                           (abs)        000000
__CFG_EBTRB$OFF                           (abs)        000000
__CFG_FCMEN$OFF                           (abs)        000000
__CFG_FOSC$INTOSCIO                       (abs)        000000
__CFG_ICPRT$OFF                           (abs)        000000
__CFG_IESO$OFF                            (abs)        000000
__CFG_LS48MHZ$SYS48X8                     (abs)        000000
__CFG_LVP$OFF                             (abs)        000000
__CFG_MCLRE$ON                            (abs)        000000
__CFG_PBADEN$OFF                          (abs)        000000
__CFG_PCLKEN$OFF                          (abs)        000000
__CFG_PLLSEL$PLL3X                        (abs)        000000
__CFG_SDOMX$RC7                           (abs)        000000
__CFG_STVREN$ON                           (abs)        000000
__CFG_T3CMX$RC0                           (abs)        000000
__CFG_WDTEN$SWON                          (abs)        000000
__CFG_WDTPS$32768                         (abs)        000000
__CFG_WRT0$OFF                            (abs)        000000
__CFG_WRT1$OFF                            (abs)        000000
__CFG_WRT2$OFF                            (abs)        000000
__CFG_WRT3$OFF                            (abs)        000000
__CFG_WRTB$OFF                            (abs)        000000
__CFG_WRTC$OFF                            (abs)        000000
__CFG_WRTD$OFF                            (abs)        000000
__CFG_XINST$OFF                           (abs)        000000
__CFG_nLPBOR$ON                           (abs)        000000
__CFG_nPWRTEN$OFF                         (abs)        000000
__HRAM                                    (abs)        000000
__Habs1                                   abs1         000000
__Hbank0                                  bank0        000000
__Hbank1                                  bank1        000000
__Hbank2                                  bank2        000000
__Hbank3                                  bank3        000000
__Hbank4                                  bank4        000000
__Hbank5                                  bank5        000000
__Hbank6                                  bank6        000000
__Hbank7                                  bank7        000000
__Hbigbss                                 bigbss       000000
__Hbigdata                                bigdata      000000
__Hbigram                                 bigram       000000
__Hbss                                    bss          000000
__HbssBANK0                               bssBANK0     000000
__HbssCOMRAM                              bssCOMRAM    000000
__Hcinit                                  cinit        000000
__Hclrtext                                clrtext      000000
__Hcomram                                 comram       000000
__Hconfig                                 config       30000E
__Hconst                                  const        000000
__HcstackBANK0                            cstackBANK0  000000
__HcstackCOMRAM                           cstackCOMRAM 000000
__Hdata                                   data         000000
__Heeprom_data                            eeprom_data  000000
__Hfarbss                                 farbss       000000
__Hfardata                                fardata      000000
__Hibigdata                               ibigdata     000000
__Hidata                                  idata        000000
__Hidloc                                  idloc        200008
__Hifardata                               ifardata     000000
__Hinit                                   init         0000A2
__Hintcode                                intcode      00009E
__Hintcode_body                           intcode_body 000000
__Hintcodelo                              intcodelo    00009E
__Hintentry                               intentry     000000
__Hintret                                 intret       000000
__Hintsave_regs                           intsave_regs 000000
__Hirdata                                 irdata       000000
__Hmediumconst                            mediumconst  000000
__HnvFARRAM                               nvFARRAM     000000
__Hnvbit                                  nvbit        000000
__Hnvrram                                 nvrram       000000
__Hparam                                  rparam       000000
__Hpowerup                                powerup      00009E
__Hram                                    ram          000000
__Hramtop                                 ramtop       000800
__Hrbit                                   rbit         000000
__Hrbss                                   rbss         000000
__Hrdata                                  rdata        000000
__Hreset_vec                              reset_vec    000004
__Hrparam                                 rparam       000000
__Hsfr                                    sfr          000000
__Hsmallconst                             smallconst   0008DC
__Hspace_0                                (abs)        30000E
__Hspace_1                                (abs)        00007D
__Hspace_2                                (abs)        000000
__Hstack                                  stack        000000
__Hstruct                                 struct       000000
__Htemp                                   temp         00004E
__Htext                                   text         000000
__Htext0                                  text0        000000
__Htext1                                  text1        000000
__Htext10                                 text10       000000
__Htext11                                 text11       000000
__Htext12                                 text12       000000
__Htext13                                 text13       000000
__Htext14                                 text14       000000
__Htext15                                 text15       000000
__Htext16                                 text16       000000
__Htext17                                 text17       000000
__Htext18                                 text18       000000
__Htext19                                 text19       000000
__Htext2                                  text2        000000
__Htext20                                 text20       000000
__Htext21                                 text21       000000
__Htext22                                 text22       000000
__Htext23                                 text23       000000
__Htext24                                 text24       000000
__Htext25                                 text25       000000
__Htext26                                 text26       000000
__Htext27                                 text27       000000
__Htext28                                 text28       000000
__Htext29                                 text29       000000
__Htext3                                  text3        000000
__Htext30                                 text30       000000
__Htext31                                 text31       000000
__Htext32                                 text32       000000
__Htext33                                 text33       000000
__Htext34                                 text34       000000
__Htext35                                 text35       000000
__Htext36                                 text36       000000
__Htext4                                  text4        000000
__Htext5                                  text5        000000
__Htext6                                  text6        000000
__Htext7                                  text7        000000
__Htext8                                  text8        000000
__Htext9                                  text9        000000
__LRAM                                    (abs)        000001
__Labs1                                   abs1         000000
__Lbank0                                  bank0        000000
__Lbank1                                  bank1        000000
__Lbank2                                  bank2        000000
__Lbank3                                  bank3        000000
__Lbank4                                  bank4        000000
__Lbank5                                  bank5        000000
__Lbank6                                  bank6        000000
__Lbank7                                  bank7        000000
__Lbigbss                                 bigbss       000000
__Lbigdata                                bigdata      000000
__Lbigram                                 bigram       000000
__Lbss                                    bss          000000
__LbssBANK0                               bssBANK0     000000
__LbssCOMRAM                              bssCOMRAM    000000
__Lcinit                                  cinit        000000
__Lclrtext                                clrtext      000000
__Lcomram                                 comram       000000
__Lconfig                                 config       300000
__Lconst                                  const        000000
__LcstackBANK0                            cstackBANK0  000000
__LcstackCOMRAM                           cstackCOMRAM 000000
__Ldata                                   data         000000
__Leeprom_data                            eeprom_data  000000
__Lfarbss                                 farbss       000000
__Lfardata                                fardata      000000
__Libigdata                               ibigdata     000000
__Lidata                                  idata        000000
__Lidloc                                  idloc        200000
__Lifardata                               ifardata     000000
__Linit                                   init         00009E
__Lintcode                                intcode      000008
__Lintcode_body                           intcode_body 000000
__Lintcodelo                              intcodelo    00009E
__Lintentry                               intentry     000000
__Lintret                                 intret       000000
__Lintsave_regs                           intsave_regs 000000
__Lirdata                                 irdata       000000
__Lmediumconst                            mediumconst  000000
__LnvFARRAM                               nvFARRAM     000000
__Lnvbit                                  nvbit        000000
__Lnvrram                                 nvrram       000000
__Lparam                                  rparam       000000
__Lpowerup                                powerup      00009E
__Lram                                    ram          000000
__Lramtop                                 ramtop       000800
__Lrbit                                   rbit         000000
__Lrbss                                   rbss         000000
__Lrdata                                  rdata        000000
__Lreset_vec                              reset_vec    000000
__Lrparam                                 rparam       000000
__Lsfr                                    sfr          000000
__Lsmallconst                             smallconst   000800
__Lspace_0                                (abs)        000000
__Lspace_1                                (abs)        000000
__Lspace_2                                (abs)        000000
__Lstack                                  stack        000000
__Lstruct                                 struct       000000
__Ltemp                                   temp         00004D
__Ltext                                   text         000000
__Ltext0                                  text0        000000
__Ltext1                                  text1        000000
__Ltext10                                 text10       000000
__Ltext11                                 text11       000000
__Ltext12                                 text12       000000
__Ltext13                                 text13       000000
__Ltext14                                 text14       000000
__Ltext15                                 text15       000000
__Ltext16                                 text16       000000
__Ltext17                                 text17       000000
__Ltext18                                 text18       000000
__Ltext19                                 text19       000000
__Ltext2                                  text2        000000
__Ltext20                                 text20       000000
__Ltext21                                 text21       000000
__Ltext22                                 text22       000000
__Ltext23                                 text23       000000
__Ltext24                                 text24       000000
__Ltext25                                 text25       000000
__Ltext26                                 text26       000000
__Ltext27                                 text27       000000
__Ltext28                                 text28       000000
__Ltext29                                 text29       000000
__Ltext3                                  text3        000000
__Ltext30                                 text30       000000
__Ltext31                                 text31       000000
__Ltext32                                 text32       000000
__Ltext33                                 text33       000000
__Ltext34                                 text34       000000
__Ltext35                                 text35       000000
__Ltext36                                 text36       000000
__Ltext4                                  text4        000000
__Ltext5                                  text5        000000
__Ltext6                                  text6        000000
__Ltext7                                  text7        000000
__Ltext8                                  text8        000000
__Ltext9                                  text9        000000
__S0                                      (abs)        30000E
__S1                                      (abs)        00007D
__S2                                      (abs)        000000
___inthi_sp                               stack        000000
___intlo_sp                               stack        000000
___param_bank                             (abs)        000000
___rparam_used                            (abs)        000001
___sp                                     stack        000000
__accesstop                               (abs)        000060
__activetblptr                            (abs)        000002
__end_of_APP_DeviceJoystickInitialize     text26       001F22
__end_of_APP_DeviceJoystickTasks          text34       0017BA
__end_of_APP_LEDUpdateUSBStatus           text23       001B2A
__end_of_BUTTON_Enable                    text22       001EA8
__end_of_BUTTON_IsPressed                 text36       001D84
__end_of_LED_Enable                       text21       001C4A
__end_of_LED_Off                          text25       001DF0
__end_of_LED_On                           text24       001DBA
__end_of_SYSTEM_Initialize                text20       001D4C
__end_of_SYS_InterruptHigh                intcode      00009E
__end_of_USBCheckHIDRequest               text19       0014BE
__end_of_USBCheckStdRequest               text12       0013EE
__end_of_USBConfigureEndpoint             text28       001A18
__end_of_USBCtrlEPAllowDataStage          text11       001984
__end_of_USBCtrlEPAllowStatusStage        text31       001646
__end_of_USBCtrlEPService                 text7        0018EE
__end_of_USBCtrlEPServiceComplete         text10       001234
__end_of_USBCtrlTrfInHandler              text32       001704
__end_of_USBCtrlTrfOutHandler             text29       001C04
__end_of_USBCtrlTrfRxService              text30       001040
__end_of_USBCtrlTrfSetupHandler           text9        001AAA
__end_of_USBCtrlTrfTxService              text33       001584
__end_of_USBDeviceInit                    text6        000E18
__end_of_USBDeviceTasks                   text1        000CDC
__end_of_USBEnableEndpoint                text27       001CD2
__end_of_USBIncrement1msInternalTimers    text5        001F0E
__end_of_USBStallHandler                  text4        001D14
__end_of_USBStdFeatureReqHandler          text17       000B7E
__end_of_USBStdGetDscHandler              text16       000F32
__end_of_USBStdGetStatusHandler           text15       001856
__end_of_USBStdSetCfgHandler              text13       001314
__end_of_USBSuspend                       text3        001E52
__end_of_USBTransferOnePacket             text35       001142
__end_of_USBWakeFromSuspend               text2        001E24
__end_of_USB_CD_Ptr                       smallconst   000809
__end_of_USB_SD_Ptr                       smallconst   000807
__end_of_USER_USB_CALLBACK_EVENT_HANDLER  text18       001BA8
__end_of__initialization                  cinit        001EC0
__end_of_configDescriptor1                smallconst   0008A9
__end_of_device_dsc                       smallconst   0008D7
__end_of_hid_rpt01                        smallconst   000853
__end_of_main                             text0        001EEE
__end_of_memcpy                           text8        001C8E
__end_of_memset                           text14       001E7E
__end_of_sd000                            smallconst   0008DB
__end_of_sd001                            smallconst   000887
__end_of_sd002                            smallconst   0008C5
__initialization                          cinit        001EA8
__mediumconst                             mediumconst  000000
__pbssBANK0                               bssBANK0     000071
__pbssCOMRAM                              bssCOMRAM    000001
__pcinit                                  cinit        001EA8
__pcstackBANK0                            cstackBANK0  000060
__pcstackCOMRAM                           cstackCOMRAM 000030
__pintcode                                intcode      000008
__psmallconst                             smallconst   000800
__ptext0                                  text0        001ECE
__ptext1                                  text1        000B7E
__ptext10                                 text10       001142
__ptext11                                 text11       0018EE
__ptext12                                 text12       001314
__ptext13                                 text13       001234
__ptext14                                 text14       001E52
__ptext15                                 text15       0017BA
__ptext16                                 text16       000E18
__ptext17                                 text17       0008DC
__ptext18                                 text18       001B2A
__ptext19                                 text19       0013EE
__ptext2                                  text2        001DF0
__ptext20                                 text20       001D14
__ptext21                                 text21       001C04
__ptext22                                 text22       001E7E
__ptext23                                 text23       001AAA
__ptext24                                 text24       001D84
__ptext25                                 text25       001DBA
__ptext26                                 text26       001F0E
__ptext27                                 text27       001C8E
__ptext28                                 text28       001984
__ptext29                                 text29       001BA8
__ptext3                                  text3        001E24
__ptext30                                 text30       000F32
__ptext31                                 text31       001584
__ptext32                                 text32       001646
__ptext33                                 text33       0014BE
__ptext34                                 text34       001704
__ptext35                                 text35       001040
__ptext36                                 text36       001D4C
__ptext4                                  text4        001CD2
__ptext5                                  text5        001EEE
__ptext6                                  text6        000CDC
__ptext7                                  text7        001856
__ptext8                                  text8        001C4A
__ptext9                                  text9        001A18
__ramtop                                  ramtop       000800
__size_of_APP_DeviceJoystickInitialize    (abs)        000000
__size_of_APP_DeviceJoystickTasks         (abs)        000000
__size_of_APP_LEDUpdateUSBStatus          (abs)        000000
__size_of_BUTTON_Enable                   (abs)        000000
__size_of_BUTTON_IsPressed                (abs)        000000
__size_of_LED_Enable                      (abs)        000000
__size_of_LED_Off                         (abs)        000000
__size_of_LED_On                          (abs)        000000
__size_of_SYSTEM_Initialize               (abs)        000000
__size_of_SYS_InterruptHigh               (abs)        000000
__size_of_USBCheckHIDRequest              (abs)        000000
__size_of_USBCheckStdRequest              (abs)        000000
__size_of_USBConfigureEndpoint            (abs)        000000
__size_of_USBCtrlEPAllowDataStage         (abs)        000000
__size_of_USBCtrlEPAllowStatusStage       (abs)        000000
__size_of_USBCtrlEPService                (abs)        000000
__size_of_USBCtrlEPServiceComplete        (abs)        000000
__size_of_USBCtrlTrfInHandler             (abs)        000000
__size_of_USBCtrlTrfOutHandler            (abs)        000000
__size_of_USBCtrlTrfRxService             (abs)        000000
__size_of_USBCtrlTrfSetupHandler          (abs)        000000
__size_of_USBCtrlTrfTxService             (abs)        000000
__size_of_USBDeviceInit                   (abs)        000000
__size_of_USBDeviceTasks                  (abs)        000000
__size_of_USBEnableEndpoint               (abs)        000000
__size_of_USBIncrement1msInternalTimers   (abs)        000000
__size_of_USBStallHandler                 (abs)        000000
__size_of_USBStdFeatureReqHandler         (abs)        000000
__size_of_USBStdGetDscHandler             (abs)        000000
__size_of_USBStdGetStatusHandler          (abs)        000000
__size_of_USBStdSetCfgHandler             (abs)        000000
__size_of_USBSuspend                      (abs)        000000
__size_of_USBTransferOnePacket            (abs)        000000
__size_of_USBWakeFromSuspend              (abs)        000000
__size_of_USER_USB_CALLBACK_EVENT_HANDLER (abs)        000000
__size_of_main                            (abs)        000000
__size_of_memcpy                          (abs)        000000
__size_of_memset                          (abs)        000000
__smallconst                              smallconst   000800
_active_protocol                          bssCOMRAM    00002B
_configDescriptor1                        smallconst   000887
_controlTransferState                     bssCOMRAM    000028
_device_dsc                               smallconst   0008C5
_endpoint_number                          bssCOMRAM    000025
_ep_data_in                               bssCOMRAM    000015
_ep_data_out                              bssCOMRAM    000013
_hid_rpt01                                smallconst   000809
_idle_rate                                bssCOMRAM    00002C
_inPipes                                  bssCOMRAM    000001
_joystick_input                           (abs)        000500
_lastTransmission                         bssCOMRAM    00000F
_main                                     text0        001ECE
_memcpy                                   text8        001C4A
_memset                                   text14       001E52
_outPipes                                 bssBANK0     000071
_pBDTEntryEP0OutCurrent                   bssCOMRAM    00001B
_pBDTEntryEP0OutNext                      bssCOMRAM    000019
_pBDTEntryIn                              bssCOMRAM    000007
_pBDTEntryOut                             bssCOMRAM    00000B
_pDst                                     bssCOMRAM    000017
_sd000                                    smallconst   0008D7
_sd001                                    smallconst   000853
_sd002                                    smallconst   0008A9
_shortPacketStatus                        bssCOMRAM    000029
btemp                                     temp         00004D
end_of_initialization                     cinit        001EC0
int$flags                                 temp         00004D
intlevel0                                 text         000000
intlevel1                                 text         000000
intlevel2                                 text         000000
intlevel3                                 text         000000
memcpy@d                                  cstackCOMRAM 000049
memcpy@d1                                 cstackCOMRAM 000042
memcpy@n                                  cstackCOMRAM 000046
memcpy@s                                  cstackCOMRAM 00004B
memcpy@s1                                 cstackCOMRAM 000044
memcpy@tmp                                cstackCOMRAM 000048
memset@c                                  cstackCOMRAM 000044
memset@n                                  cstackCOMRAM 000046
memset@p                                  cstackCOMRAM 000048
memset@p1                                 cstackCOMRAM 000042
stackhi                                   (abs)        0003FF
stacklo                                   (abs)        00007D
start                                     init         00009E
start_initialization                      cinit        001EA8
wtemp6                                    temp         00004E


FUNCTION INFORMATION:

 *************** function _main *****************
 Defined at:
		line 31 in file "../demo_src/main.c"
 Parameters:    Size  Location     Type
		None
 Auto vars:     Size  Location     Type
		None
 Return value:  Size  Location     Type
                  1    wreg      void 
 Registers used:
		wreg, fsr1l, fsr1h, fsr2l, fsr2h, status,2, status,0, tblptrl, tblptrh, tblptru, prodl, prodh, cstack
 Tracked objects:
		On entry : 
		On exit  : 
		Unchanged: 
 Data sizes:     COMRAM   BANK0   BANK1   BANK2   BANK3   BANK4   BANK5   BANK6   BANK7
      Params:         0       0       0       0       0       0       0       0       0
      Locals:         0       0       0       0       0       0       0       0       0
      Temps:          0       0       0       0       0       0       0       0       0
      Totals:         0       0       0       0       0       0       0       0       0
Total ram usage:        0 bytes
 Hardware stack levels required when called:   10
 This function calls:
		_APP_DeviceJoystickTasks
		_SYSTEM_Initialize
		_USBDeviceInit
		_USBDeviceTasks
 This function is called by:
		Startup code after reset
 This function uses a non-reentrant model


 *************** function _USBDeviceTasks *****************
 Defined at:
		line 477 in file "../../../../../../framework/usb/src/usb_device.c"
 Parameters:    Size  Location     Type
		None
 Auto vars:     Size  Location     Type
  i               1   16[BANK0 ] unsigned char 
 Return value:  Size  Location     Type
                  1    wreg      void 
 Registers used:
		wreg, fsr1l, fsr1h, fsr2l, fsr2h, status,2, status,0, tblptrl, tblptrh, tblptru, prodl, prodh, cstack
 Tracked objects:
		On entry : 
		On exit  : 
		Unchanged: 
 Data sizes:     COMRAM   BANK0   BANK1   BANK2   BANK3   BANK4   BANK5   BANK6   BANK7
      Params:         0       0       0       0       0       0       0       0       0
      Locals:         0       1       0       0       0       0       0       0       0
      Temps:          0       0       0       0       0       0       0       0       0
      Totals:         0       1       0       0       0       0       0       0       0
Total ram usage:        1 bytes
 Hardware stack levels used:    1
 Hardware stack levels required when called:    9
 This function calls:
		_USBCtrlEPAllowStatusStage
		_USBCtrlEPService
		_USBDeviceInit
		_USBIncrement1msInternalTimers
		_USBStallHandler
		_USBSuspend
		_USBWakeFromSuspend
		_USER_USB_CALLBACK_EVENT_HANDLER
 This function is called by:
		_main
 This function uses a non-reentrant model


 *************** function _USBWakeFromSuspend *****************
 Defined at:
		line 2303 in file "../../../../../../framework/usb/src/usb_device.c"
 Parameters:    Size  Location     Type
		None
 Auto vars:     Size  Location     Type
		None
 Return value:  Size  Location     Type
                  1    wreg      void 
 Registers used:
		wreg, fsr2l, fsr2h, status,2, status,0, prodl, prodh, cstack
 Tracked objects:
		On entry : 
		On exit  : 
		Unchanged: 
 Data sizes:     COMRAM   BANK0   BANK1   BANK2   BANK3   BANK4   BANK5   BANK6   BANK7
      Params:         0       0       0       0       0       0       0       0       0
      Locals:         0       0       0       0       0       0       0       0       0
      Temps:          0       0       0       0       0       0       0       0       0
      Totals:         0       0       0       0       0       0       0       0       0
Total ram usage:        0 bytes
 Hardware stack levels used:    1
 Hardware stack levels required when called:    5
 This function calls:
		_USER_USB_CALLBACK_EVENT_HANDLER
 This function is called by:
		_USBDeviceTasks
 This function uses a non-reentrant model


 *************** function _USBSuspend *****************
 Defined at:
		line 2245 in file "../../../../../../framework/usb/src/usb_device.c"
 Parameters:    Size  Location     Type
		None
 Auto vars:     Size  Location     Type
		None
 Return value:  Size  Location     Type
                  1    wreg      void 
 Registers used:
		wreg, fsr2l, fsr2h, status,2, status,0, prodl, prodh, cstack
 Tracked objects:
		On entry : 
		On exit  : 
		Unchanged: 
 Data sizes:     COMRAM   BANK0   BANK1   BANK2   BANK3   BANK4   BANK5   BANK6   BANK7
      Params:         0       0       0       0       0       0       0       0       0
      Locals:         0       0       0       0       0       0       0       0       0
      Temps:          0       0       0       0       0       0       0       0       0
      Totals:         0       0       0       0       0       0       0       0       0
Total ram usage:        0 bytes
 Hardware stack levels used:    1
 Hardware stack levels required when called:    5
 This function calls:
		_USER_USB_CALLBACK_EVENT_HANDLER
 This function is called by:
		_USBDeviceTasks
 This function uses a non-reentrant model


 *************** function _USBStallHandler *****************
 Defined at:
		line 2202 in file "../../../../../../framework/usb/src/usb_device.c"
 Parameters:    Size  Location     Type
		None
 Auto vars:     Size  Location     Type
		None
 Return value:  Size  Location     Type
                  1    wreg      void 
 Registers used:
		wreg, fsr2l, fsr2h, status,2, status,0
 Tracked objects:
		On entry : 
		On exit  : 
		Unchanged: 
 Data sizes:     COMRAM   BANK0   BANK1   BANK2   BANK3   BANK4   BANK5   BANK6   BANK7
      Params:         0       0       0       0       0       0       0       0       0
      Locals:         0       0       0       0       0       0       0       0       0
      Temps:          1       0       0       0       0       0       0       0       0
      Totals:         1       0       0       0       0       0       0       0       0
Total ram usage:        1 bytes
 Hardware stack levels used:    1
 Hardware stack levels required when called:    1
 This function calls:
		Nothing
 This function is called by:
		_USBDeviceTasks
 This function uses a non-reentrant model


 *************** function _USBIncrement1msInternalTimers *****************
 Defined at:
		line 3025 in file "../../../../../../framework/usb/src/usb_device.c"
 Parameters:    Size  Location     Type
		None
 Auto vars:     Size  Location     Type
		None
 Return value:  Size  Location     Type
                  1    wreg      void 
 Registers used:
		wreg, status,2, status,0
 Tracked objects:
		On entry : 
		On exit  : 
		Unchanged: 
 Data sizes:     COMRAM   BANK0   BANK1   BANK2   BANK3   BANK4   BANK5   BANK6   BANK7
      Params:         0       0       0       0       0       0       0       0       0
      Locals:         0       0       0       0       0       0       0       0       0
      Temps:          0       0       0       0       0       0       0       0       0
      Totals:         0       0       0       0       0       0       0       0       0
Total ram usage:        0 bytes
 Hardware stack levels used:    1
 Hardware stack levels required when called:    1
 This function calls:
		Nothing
 This function is called by:
		_USBDeviceTasks
 This function uses a non-reentrant model


 *************** function _USBDeviceInit *****************
 Defined at:
		line 277 in file "../../../../../../framework/usb/src/usb_device.c"
 Parameters:    Size  Location     Type
		None
 Auto vars:     Size  Location     Type
  i               1   26[COMRAM] unsigned char 
 Return value:  Size  Location     Type
                  1    wreg      void 
 Registers used:
		wreg, fsr2l, fsr2h, status,2, status,0, prodl, prodh, cstack
 Tracked objects:
		On entry : 
		On exit  : 
		Unchanged: 
 Data sizes:     COMRAM   BANK0   BANK1   BANK2   BANK3   BANK4   BANK5   BANK6   BANK7
      Params:         0       0       0       0       0       0       0       0       0
      Locals:         1       0       0       0       0       0       0       0       0
      Temps:          0       0       0       0       0       0       0       0       0
      Totals:         1       0       0       0       0       0       0       0       0
Total ram usage:        1 bytes
 Hardware stack levels used:    1
 Hardware stack levels required when called:    2
 This function calls:
		_memset
 This function is called by:
		_USBDeviceTasks
		_main
 This function uses a non-reentrant model


 *************** function _USBCtrlEPService *****************
 Defined at:
		line 2372 in file "../../../../../../framework/usb/src/usb_device.c"
 Parameters:    Size  Location     Type
		None
 Auto vars:     Size  Location     Type
		None
 Return value:  Size  Location     Type
                  1    wreg      void 
 Registers used:
		wreg, fsr1l, fsr1h, fsr2l, fsr2h, status,2, status,0, tblptrl, tblptrh, tblptru, prodl, prodh, cstack
 Tracked objects:
		On entry : 
		On exit  : 
		Unchanged: 
 Data sizes:     COMRAM   BANK0   BANK1   BANK2   BANK3   BANK4   BANK5   BANK6   BANK7
      Params:         0       0       0       0       0       0       0       0       0
      Locals:         0       0       0       0       0       0       0       0       0
      Temps:          0       1       0       0       0       0       0       0       0
      Totals:         0       1       0       0       0       0       0       0       0
Total ram usage:        1 bytes
 Hardware stack levels used:    1
 Hardware stack levels required when called:    8
 This function calls:
		_USBCtrlTrfInHandler
		_USBCtrlTrfOutHandler
		_USBCtrlTrfSetupHandler
		_memcpy
 This function is called by:
		_USBDeviceTasks
 This function uses a non-reentrant model


 *************** function _memcpy *****************
 Defined at:
		line 27 in file "C:\Program Files (x86)\Microchip\xc8\v1.45\sources\common\memcpy.c"
 Parameters:    Size  Location     Type
  d1              2   18[COMRAM] PTR void 
		 -> SetupPkt(8), 
  s1              2   20[COMRAM] PTR const void 
		 -> CtrlTrfData(8), RAM(2047), SetupPkt(8), 
  n               2   22[COMRAM] unsigned int 
 Auto vars:     Size  Location     Type
  s               2   27[COMRAM] PTR const unsigned char 
		 -> CtrlTrfData(8), RAM(2047), SetupPkt(8), 
  d               2   25[COMRAM] PTR unsigned char 
		 -> SetupPkt(8), 
  tmp             1   24[COMRAM] unsigned char 
 Return value:  Size  Location     Type
                  2   18[COMRAM] PTR void 
 Registers used:
		wreg, fsr2l, fsr2h, status,2, status,0
 Tracked objects:
		On entry : 
		On exit  : 
		Unchanged: 
 Data sizes:     COMRAM   BANK0   BANK1   BANK2   BANK3   BANK4   BANK5   BANK6   BANK7
      Params:         6       0       0       0       0       0       0       0       0
      Locals:         5       0       0       0       0       0       0       0       0
      Temps:          0       0       0       0       0       0       0       0       0
      Totals:        11       0       0       0       0       0       0       0       0
Total ram usage:       11 bytes
 Hardware stack levels used:    1
 Hardware stack levels required when called:    1
 This function calls:
		Nothing
 This function is called by:
		_USBCtrlEPService
 This function uses a non-reentrant model


 *************** function _USBCtrlTrfSetupHandler *****************
 Defined at:
		line 2465 in file "../../../../../../framework/usb/src/usb_device.c"
 Parameters:    Size  Location     Type
		None
 Auto vars:     Size  Location     Type
		None
 Return value:  Size  Location     Type
                  1    wreg      void 
 Registers used:
		wreg, fsr1l, fsr1h, fsr2l, fsr2h, status,2, status,0, tblptrl, tblptrh, tblptru, prodl, prodh, cstack
 Tracked objects:
		On entry : 
		On exit  : 
		Unchanged: 
 Data sizes:     COMRAM   BANK0   BANK1   BANK2   BANK3   BANK4   BANK5   BANK6   BANK7
      Params:         0       0       0       0       0       0       0       0       0
      Locals:         0       0       0       0       0       0       0       0       0
      Temps:          0       0       0       0       0       0       0       0       0
      Totals:         0       0       0       0       0       0       0       0       0
Total ram usage:        0 bytes
 Hardware stack levels used:    1
 Hardware stack levels required when called:    7
 This function calls:
		_USBCheckStdRequest
		_USBCtrlEPServiceComplete
		_USER_USB_CALLBACK_EVENT_HANDLER
 This function is called by:
		_USBCtrlEPService
 This function uses a non-reentrant model


 *************** function _USBCtrlEPServiceComplete *****************
 Defined at:
		line 1616 in file "../../../../../../framework/usb/src/usb_device.c"
 Parameters:    Size  Location     Type
		None
 Auto vars:     Size  Location     Type
		None
 Return value:  Size  Location     Type
                  1    wreg      void 
 Registers used:
		wreg, fsr1l, fsr1h, fsr2l, fsr2h, status,2, status,0, tblptrl, tblptrh, tblptru, cstack
 Tracked objects:
		On entry : 
		On exit  : 
		Unchanged: 
 Data sizes:     COMRAM   BANK0   BANK1   BANK2   BANK3   BANK4   BANK5   BANK6   BANK7
      Params:         0       0       0       0       0       0       0       0       0
      Locals:         0       0       0       0       0       0       0       0       0
      Temps:          0       0       0       0       0       0       0       0       0
      Totals:         0       0       0       0       0       0       0       0       0
Total ram usage:        0 bytes
 Hardware stack levels used:    1
 Hardware stack levels required when called:    3
 This function calls:
		_USBCtrlEPAllowDataStage
		_USBCtrlEPAllowStatusStage
 This function is called by:
		_USBCtrlTrfSetupHandler
 This function uses a non-reentrant model


 *************** function _USBCtrlEPAllowDataStage *****************
 Defined at:
		line 1488 in file "../../../../../../framework/usb/src/usb_device.c"
 Parameters:    Size  Location     Type
		None
 Auto vars:     Size  Location     Type
		None
 Return value:  Size  Location     Type
                  1    wreg      void 
 Registers used:
		wreg, fsr1l, fsr1h, fsr2l, fsr2h, status,2, status,0, tblptrl, tblptrh, tblptru, cstack
 Tracked objects:
		On entry : 
		On exit  : 
		Unchanged: 
 Data sizes:     COMRAM   BANK0   BANK1   BANK2   BANK3   BANK4   BANK5   BANK6   BANK7
      Params:         0       0       0       0       0       0       0       0       0
      Locals:         0       0       0       0       0       0       0       0       0
      Temps:          0       0       0       0       0       0       0       0       0
      Totals:         0       0       0       0       0       0       0       0       0
Total ram usage:        0 bytes
 Hardware stack levels used:    1
 Hardware stack levels required when called:    2
 This function calls:
		_USBCtrlTrfTxService
 This function is called by:
		_USBCtrlEPServiceComplete
 This function uses a non-reentrant model


 *************** function _USBCheckStdRequest *****************
 Defined at:
		line 2686 in file "../../../../../../framework/usb/src/usb_device.c"
 Parameters:    Size  Location     Type
		None
 Auto vars:     Size  Location     Type
		None
 Return value:  Size  Location     Type
                  1    wreg      void 
 Registers used:
		wreg, fsr1l, fsr1h, fsr2l, fsr2h, status,2, status,0, tblptrl, tblptrh, tblptru, prodl, prodh, cstack
 Tracked objects:
		On entry : 
		On exit  : 
		Unchanged: 
 Data sizes:     COMRAM   BANK0   BANK1   BANK2   BANK3   BANK4   BANK5   BANK6   BANK7
      Params:         0       0       0       0       0       0       0       0       0
      Locals:         0       0       0       0       0       0       0       0       0
      Temps:          0       0       0       0       0       0       0       0       0
      Totals:         0       0       0       0       0       0       0       0       0
Total ram usage:        0 bytes
 Hardware stack levels used:    1
 Hardware stack levels required when called:    6
 This function calls:
		_USBStdFeatureReqHandler
		_USBStdGetDscHandler
		_USBStdGetStatusHandler
		_USBStdSetCfgHandler
		_USER_USB_CALLBACK_EVENT_HANDLER
 This function is called by:
		_USBCtrlTrfSetupHandler
 This function uses a non-reentrant model


 *************** function _USBStdSetCfgHandler *****************
 Defined at:
		line 1968 in file "../../../../../../framework/usb/src/usb_device.c"
 Parameters:    Size  Location     Type
		None
 Auto vars:     Size  Location     Type
  i               1    9[BANK0 ] unsigned char 
 Return value:  Size  Location     Type
                  1    wreg      void 
 Registers used:
		wreg, fsr2l, fsr2h, status,2, status,0, prodl, prodh, cstack
 Tracked objects:
		On entry : 
		On exit  : 
		Unchanged: 
 Data sizes:     COMRAM   BANK0   BANK1   BANK2   BANK3   BANK4   BANK5   BANK6   BANK7
      Params:         0       0       0       0       0       0       0       0       0
      Locals:         0       1       0       0       0       0       0       0       0
      Temps:          0       0       0       0       0       0       0       0       0
      Totals:         0       1       0       0       0       0       0       0       0
Total ram usage:        1 bytes
 Hardware stack levels used:    1
 Hardware stack levels required when called:    5
 This function calls:
		_USER_USB_CALLBACK_EVENT_HANDLER
		_memset
 This function is called by:
		_USBCheckStdRequest
 This function uses a non-reentrant model


 *************** function _memset *****************
 Defined at:
		line 8 in file "C:\Program Files (x86)\Microchip\xc8\v1.45\sources\common\memset.c"
 Parameters:    Size  Location     Type
  p1              2   18[COMRAM] PTR void 
		 -> USBAlternateInterface(1), BDT(32), UEP1(1), 
  c               2   20[COMRAM] int 
  n               2   22[COMRAM] unsigned int 
 Auto vars:     Size  Location     Type
  p               2   24[COMRAM] PTR unsigned char 
		 -> USBAlternateInterface(1), BDT(32), UEP1(1), 
 Return value:  Size  Location     Type
                  2   18[COMRAM] PTR void 
 Registers used:
		wreg, fsr2l, fsr2h, status,2, status,0
 Tracked objects:
		On entry : 
		On exit  : 
		Unchanged: 
 Data sizes:     COMRAM   BANK0   BANK1   BANK2   BANK3   BANK4   BANK5   BANK6   BANK7
      Params:         6       0       0       0       0       0       0       0       0
      Locals:         2       0       0       0       0       0       0       0       0
      Temps:          0       0       0       0       0       0       0       0       0
      Totals:         8       0       0       0       0       0       0       0       0
Total ram usage:        8 bytes
 Hardware stack levels used:    1
 Hardware stack levels required when called:    1
 This function calls:
		Nothing
 This function is called by:
		_USBDeviceInit
		_USBStdSetCfgHandler
 This function uses a non-reentrant model


 *************** function _USBStdGetStatusHandler *****************
 Defined at:
		line 2129 in file "../../../../../../framework/usb/src/usb_device.c"
 Parameters:    Size  Location     Type
		None
 Auto vars:     Size  Location     Type
  p               2   19[COMRAM] PTR struct __BDT
		 -> RAM(2047), NULL(0), BDT(32), 
 Return value:  Size  Location     Type
                  1    wreg      void 
 Registers used:
		wreg, fsr2l, fsr2h, status,2, status,0, prodl, prodh
 Tracked objects:
		On entry : 
		On exit  : 
		Unchanged: 
 Data sizes:     COMRAM   BANK0   BANK1   BANK2   BANK3   BANK4   BANK5   BANK6   BANK7
      Params:         0       0       0       0       0       0       0       0       0
      Locals:         2       0       0       0       0       0       0       0       0
      Temps:          1       0       0       0       0       0       0       0       0
      Totals:         3       0       0       0       0       0       0       0       0
Total ram usage:        3 bytes
 Hardware stack levels used:    1
 Hardware stack levels required when called:    1
 This function calls:
		Nothing
 This function is called by:
		_USBCheckStdRequest
 This function uses a non-reentrant model


 *************** function _USBStdGetDscHandler *****************
 Defined at:
		line 2043 in file "../../../../../../framework/usb/src/usb_device.c"
 Parameters:    Size  Location     Type
		None
 Auto vars:     Size  Location     Type
		None
 Return value:  Size  Location     Type
                  1    wreg      void 
 Registers used:
		wreg, fsr1l, fsr1h, status,2, status,0, tblptrl, tblptrh, tblptru, prodl, prodh
 Tracked objects:
		On entry : 
		On exit  : 
		Unchanged: 
 Data sizes:     COMRAM   BANK0   BANK1   BANK2   BANK3   BANK4   BANK5   BANK6   BANK7
      Params:         0       0       0       0       0       0       0       0       0
      Locals:         0       0       0       0       0       0       0       0       0
      Temps:          2       0       0       0       0       0       0       0       0
      Totals:         2       0       0       0       0       0       0       0       0
Total ram usage:        2 bytes
 Hardware stack levels used:    1
 Hardware stack levels required when called:    1
 This function calls:
		Nothing
 This function is called by:
		_USBCheckStdRequest
 This function uses a non-reentrant model


 *************** function _USBStdFeatureReqHandler *****************
 Defined at:
		line 2754 in file "../../../../../../framework/usb/src/usb_device.c"
 Parameters:    Size  Location     Type
		None
 Auto vars:     Size  Location     Type
  p               2   13[BANK0 ] PTR struct __BDT
		 -> RAM(2047), NULL(0), BDT(32), 
  pUEP            2   10[BANK0 ] PTR unsigned char 
		 -> UEP0(1), 
  current_ep_d    1   12[BANK0 ] struct .
 Return value:  Size  Location     Type
                  1    wreg      void 
 Registers used:
		wreg, fsr2l, fsr2h, status,2, status,0, prodl, prodh, cstack
 Tracked objects:
		On entry : 
		On exit  : 
		Unchanged: 
 Data sizes:     COMRAM   BANK0   BANK1   BANK2   BANK3   BANK4   BANK5   BANK6   BANK7
      Params:         0       0       0       0       0       0       0       0       0
      Locals:         0       5       0       0       0       0       0       0       0
      Temps:          0       1       0       0       0       0       0       0       0
      Totals:         0       6       0       0       0       0       0       0       0
Total ram usage:        6 bytes
 Hardware stack levels used:    1
 Hardware stack levels required when called:    5
 This function calls:
		_USER_USB_CALLBACK_EVENT_HANDLER
 This function is called by:
		_USBCheckStdRequest
 This function uses a non-reentrant model


 *************** function _USER_USB_CALLBACK_EVENT_HANDLER *****************
 Defined at:
		line 50 in file "../demo_src/usb_events.c"
 Parameters:    Size  Location     Type
  event           2    3[BANK0 ] enum E5983
  pdata           2    5[BANK0 ] PTR void 
		 -> RAM(2047), USTATcopy(1), USBActiveConfiguration(1), NULL(0), 
		 -> BDT(32), 
  size            2    7[BANK0 ] unsigned int 
 Auto vars:     Size  Location     Type
		None
 Return value:  Size  Location     Type
                  1    wreg      unsigned char 
 Registers used:
		wreg, fsr2l, fsr2h, status,2, status,0, prodl, prodh, cstack
 Tracked objects:
		On entry : 
		On exit  : 
		Unchanged: 
 Data sizes:     COMRAM   BANK0   BANK1   BANK2   BANK3   BANK4   BANK5   BANK6   BANK7
      Params:         0       6       0       0       0       0       0       0       0
      Locals:         0       0       0       0       0       0       0       0       0
      Temps:          2       0       0       0       0       0       0       0       0
      Totals:         2       6       0       0       0       0       0       0       0
Total ram usage:        8 bytes
 Hardware stack levels used:    1
 Hardware stack levels required when called:    4
 This function calls:
		_APP_DeviceJoystickInitialize
		_APP_LEDUpdateUSBStatus
		_SYSTEM_Initialize
		_USBCheckHIDRequest
 This function is called by:
		_USBDeviceTasks
		_USBStdSetCfgHandler
		_USBSuspend
		_USBWakeFromSuspend
		_USBCtrlTrfSetupHandler
		_USBCheckStdRequest
		_USBStdFeatureReqHandler
 This function uses a non-reentrant model


 *************** function _USBCheckHIDRequest *****************
 Defined at:
		line 153 in file "../../../../../../framework/usb/src/usb_device_hid.c"
 Parameters:    Size  Location     Type
		None
 Auto vars:     Size  Location     Type
		None
 Return value:  Size  Location     Type
                  1    wreg      void 
 Registers used:
		wreg, status,2, status,0
 Tracked objects:
		On entry : 
		On exit  : 
		Unchanged: 
 Data sizes:     COMRAM   BANK0   BANK1   BANK2   BANK3   BANK4   BANK5   BANK6   BANK7
      Params:         0       0       0       0       0       0       0       0       0
      Locals:         0       0       0       0       0       0       0       0       0
      Temps:          0       0       0       0       0       0       0       0       0
      Totals:         0       0       0       0       0       0       0       0       0
Total ram usage:        0 bytes
 Hardware stack levels used:    1
 Hardware stack levels required when called:    1
 This function calls:
		Nothing
 This function is called by:
		_USER_USB_CALLBACK_EVENT_HANDLER
 This function uses a non-reentrant model


 *************** function _SYSTEM_Initialize *****************
 Defined at:
		line 79 in file "system.c"
 Parameters:    Size  Location     Type
  state           1    wreg     enum E6378
 Auto vars:     Size  Location     Type
  state           1   19[COMRAM] enum E6378
 Return value:  Size  Location     Type
                  1    wreg      void 
 Registers used:
		wreg, status,2, status,0, cstack
 Tracked objects:
		On entry : 
		On exit  : 
		Unchanged: 
 Data sizes:     COMRAM   BANK0   BANK1   BANK2   BANK3   BANK4   BANK5   BANK6   BANK7
      Params:         0       0       0       0       0       0       0       0       0
      Locals:         1       0       0       0       0       0       0       0       0
      Temps:          0       0       0       0       0       0       0       0       0
      Totals:         1       0       0       0       0       0       0       0       0
Total ram usage:        1 bytes
 Hardware stack levels used:    1
 Hardware stack levels required when called:    2
 This function calls:
		_BUTTON_Enable
		_LED_Enable
 This function is called by:
		_USER_USB_CALLBACK_EVENT_HANDLER
		_main
 This function uses a non-reentrant model


 *************** function _LED_Enable *****************
 Defined at:
		line 228 in file "../../../../../../bsp/picdem_fs_usb_k50/leds.c"
 Parameters:    Size  Location     Type
  led             1    wreg     enum E2
 Auto vars:     Size  Location     Type
  led             1   18[COMRAM] enum E2
 Return value:  Size  Location     Type
                  1    wreg      void 
 Registers used:
		wreg, status,2, status,0
 Tracked objects:
		On entry : 
		On exit  : 
		Unchanged: 
 Data sizes:     COMRAM   BANK0   BANK1   BANK2   BANK3   BANK4   BANK5   BANK6   BANK7
      Params:         0       0       0       0       0       0       0       0       0
      Locals:         1       0       0       0       0       0       0       0       0
      Temps:          0       0       0       0       0       0       0       0       0
      Totals:         1       0       0       0       0       0       0       0       0
Total ram usage:        1 bytes
 Hardware stack levels used:    1
 Hardware stack levels required when called:    1
 This function calls:
		Nothing
 This function is called by:
		_SYSTEM_Initialize
 This function uses a non-reentrant model


 *************** function _BUTTON_Enable *****************
 Defined at:
		line 96 in file "../../../../../../bsp/picdem_fs_usb_k50/buttons.c"
 Parameters:    Size  Location     Type
  button          1    wreg     enum E5727
 Auto vars:     Size  Location     Type
  button          1   18[COMRAM] enum E5727
 Return value:  Size  Location     Type
                  1    wreg      void 
 Registers used:
		wreg, status,2, status,0
 Tracked objects:
		On entry : 
		On exit  : 
		Unchanged: 
 Data sizes:     COMRAM   BANK0   BANK1   BANK2   BANK3   BANK4   BANK5   BANK6   BANK7
      Params:         0       0       0       0       0       0       0       0       0
      Locals:         1       0       0       0       0       0       0       0       0
      Temps:          0       0       0       0       0       0       0       0       0
      Totals:         1       0       0       0       0       0       0       0       0
Total ram usage:        1 bytes
 Hardware stack levels used:    1
 Hardware stack levels required when called:    1
 This function calls:
		Nothing
 This function is called by:
		_SYSTEM_Initialize
 This function uses a non-reentrant model


 *************** function _APP_LEDUpdateUSBStatus *****************
 Defined at:
		line 50 in file "../demo_src/app_led_usb_status.c"
 Parameters:    Size  Location     Type
		None
 Auto vars:     Size  Location     Type
		None
 Return value:  Size  Location     Type
                  1    wreg      void 
 Registers used:
		wreg, status,2, status,0, cstack
 Tracked objects:
		On entry : 
		On exit  : 
		Unchanged: 
 Data sizes:     COMRAM   BANK0   BANK1   BANK2   BANK3   BANK4   BANK5   BANK6   BANK7
      Params:         0       0       0       0       0       0       0       0       0
      Locals:         0       0       0       0       0       0       0       0       0
      Temps:          0       0       0       0       0       0       0       0       0
      Totals:         0       0       0       0       0       0       0       0       0
Total ram usage:        0 bytes
 Hardware stack levels used:    1
 Hardware stack levels required when called:    2
 This function calls:
		_LED_Off
		_LED_On
 This function is called by:
		_USER_USB_CALLBACK_EVENT_HANDLER
 This function uses a non-reentrant model


 *************** function _LED_On *****************
 Defined at:
		line 67 in file "../../../../../../bsp/picdem_fs_usb_k50/leds.c"
 Parameters:    Size  Location     Type
  led             1    wreg     enum E2
 Auto vars:     Size  Location     Type
  led             1   18[COMRAM] enum E2
 Return value:  Size  Location     Type
                  1    wreg      void 
 Registers used:
		wreg, status,2, status,0
 Tracked objects:
		On entry : 
		On exit  : 
		Unchanged: 
 Data sizes:     COMRAM   BANK0   BANK1   BANK2   BANK3   BANK4   BANK5   BANK6   BANK7
      Params:         0       0       0       0       0       0       0       0       0
      Locals:         1       0       0       0       0       0       0       0       0
      Temps:          0       0       0       0       0       0       0       0       0
      Totals:         1       0       0       0       0       0       0       0       0
Total ram usage:        1 bytes
 Hardware stack levels used:    1
 Hardware stack levels required when called:    1
[...]
  led             1    wreg     enum E2
 Auto vars:     Size  Location     Type
  led             1   18[COMRAM] enum E2
 Return value:  Size  Location     Type
                  1    wreg      void 
 Registers used:
		wreg, status,2, status,0
 Tracked objects:
		On entry : 
		On exit  : 
		Unchanged: 
 Data sizes:     COMRAM   BANK0   BANK1   BANK2   BANK3   BANK4   BANK5   BANK6   BANK7
      Params:         0       0       0       0       0       0       0       0       0
      Locals:         1       0       0       0       0       0       0       0       0
      Temps:          0       0       0       0       0       0       0       0       0
      Totals:         1       0       0       0       0       0       0       0       0
Total ram usage:        1 bytes
 Hardware stack levels used:    1
 Hardware stack levels required when called:    1
 This function calls:
		Nothing
 This function is called by:
		_APP_LEDUpdateUSBStatus
 This function uses a non-reentrant model


 *************** function _APP_DeviceJoystickInitialize *****************
 Defined at:
		line 118 in file "../demo_src/app_device_joystick.c"
 Parameters:    Size  Location     Type
		None
 Auto vars:     Size  Location     Type
		None
 Return value:  Size  Location     Type
                  1    wreg      void 
 Registers used:
		wreg, fsr2l, fsr2h, status,2, status,0, prodl, prodh, cstack
 Tracked objects:
		On entry : 
		On exit  : 
		Unchanged: 
 Data sizes:     COMRAM   BANK0   BANK1   BANK2   BANK3   BANK4   BANK5   BANK6   BANK7
      Params:         0       0       0       0       0       0       0       0       0
      Locals:         0       0       0       0       0       0       0       0       0
      Temps:          0       0       0       0       0       0       0       0       0
      Totals:         0       0       0       0       0       0       0       0       0
Total ram usage:        0 bytes
 Hardware stack levels used:    1
 Hardware stack levels required when called:    3
 This function calls:
		_USBEnableEndpoint
 This function is called by:
		_USER_USB_CALLBACK_EVENT_HANDLER
 This function uses a non-reentrant model


 *************** function _USBEnableEndpoint *****************
 Defined at:
		line 878 in file "../../../../../../framework/usb/src/usb_device.c"
 Parameters:    Size  Location     Type
  ep              1    wreg     unsigned char 
  options         1   26[COMRAM] unsigned char 
 Auto vars:     Size  Location     Type
  ep              1    2[BANK0 ] unsigned char 
  p               2    0[BANK0 ] PTR unsigned char 
		 -> UEP0(1), 
 Return value:  Size  Location     Type
                  1    wreg      void 
 Registers used:
		wreg, fsr2l, fsr2h, status,2, status,0, prodl, prodh, cstack
 Tracked objects:
		On entry : 
		On exit  : 
		Unchanged: 
 Data sizes:     COMRAM   BANK0   BANK1   BANK2   BANK3   BANK4   BANK5   BANK6   BANK7
      Params:         1       0       0       0       0       0       0       0       0
      Locals:         0       3       0       0       0       0       0       0       0
      Temps:          0       0       0       0       0       0       0       0       0
      Totals:         1       3       0       0       0       0       0       0       0
Total ram usage:        4 bytes
 Hardware stack levels used:    1
 Hardware stack levels required when called:    2
 This function calls:
		_USBConfigureEndpoint
 This function is called by:
		_APP_DeviceJoystickInitialize
 This function uses a non-reentrant model


 *************** function _USBConfigureEndpoint *****************
 Defined at:
		line 1543 in file "../../../../../../framework/usb/src/usb_device.c"
 Parameters:    Size  Location     Type
  EPNum           1    wreg     unsigned char 
  direction       1   18[COMRAM] unsigned char 
 Auto vars:     Size  Location     Type
  EPNum           1   23[COMRAM] unsigned char 
  handle          2   24[COMRAM] PTR volatile struct __BD
		 -> BDT(32), 
 Return value:  Size  Location     Type
                  1    wreg      void 
 Registers used:
		wreg, fsr2l, fsr2h, status,2, status,0, prodl, prodh
 Tracked objects:
		On entry : 
		On exit  : 
		Unchanged: 
 Data sizes:     COMRAM   BANK0   BANK1   BANK2   BANK3   BANK4   BANK5   BANK6   BANK7
      Params:         1       0       0       0       0       0       0       0       0
      Locals:         3       0       0       0       0       0       0       0       0
      Temps:          4       0       0       0       0       0       0       0       0
      Totals:         8       0       0       0       0       0       0       0       0
Total ram usage:        8 bytes
 Hardware stack levels used:    1
 Hardware stack levels required when called:    1
 This function calls:
		Nothing
 This function is called by:
		_USBEnableEndpoint
 This function uses a non-reentrant model


 *************** function _USBCtrlTrfOutHandler *****************
 Defined at:
		line 2538 in file "../../../../../../framework/usb/src/usb_device.c"
 Parameters:    Size  Location     Type
		None
 Auto vars:     Size  Location     Type
		None
 Return value:  Size  Location     Type
                  1    wreg      void 
 Registers used:
		wreg, fsr1l, fsr1h, fsr2l, fsr2h, status,2, status,0, prodl, prodh, cstack
 Tracked objects:
		On entry : 
		On exit  : 
		Unchanged: 
 Data sizes:     COMRAM   BANK0   BANK1   BANK2   BANK3   BANK4   BANK5   BANK6   BANK7
      Params:         0       0       0       0       0       0       0       0       0
      Locals:         0       0       0       0       0       0       0       0       0
      Temps:          0       0       0       0       0       0       0       0       0
      Totals:         0       0       0       0       0       0       0       0       0
Total ram usage:        0 bytes
 Hardware stack levels used:    1
 Hardware stack levels required when called:    3
 This function calls:
		_USBCtrlTrfRxService
 This function is called by:
		_USBCtrlEPService
 This function uses a non-reentrant model


 *************** function _USBCtrlTrfRxService *****************
 Defined at:
		line 1852 in file "../../../../../../framework/usb/src/usb_device.c"
 Parameters:    Size  Location     Type
		None
 Auto vars:     Size  Location     Type
  byteToRead      1   19[COMRAM] unsigned char 
  i               1   18[COMRAM] unsigned char 
 Return value:  Size  Location     Type
                  1    wreg      void 
 Registers used:
		wreg, fsr1l, fsr1h, fsr2l, fsr2h, status,2, status,0, prodl, prodh, cstack
 Tracked objects:
		On entry : 
		On exit  : 
		Unchanged: 
 Data sizes:     COMRAM   BANK0   BANK1   BANK2   BANK3   BANK4   BANK5   BANK6   BANK7
      Params:         0       0       0       0       0       0       0       0       0
      Locals:         2       0       0       0       0       0       0       0       0
      Temps:          0       0       0       0       0       0       0       0       0
      Totals:         2       0       0       0       0       0       0       0       0
Total ram usage:        2 bytes
 Hardware stack levels used:    1
 Hardware stack levels required when called:    2
 This function calls:
		_USBCtrlEPAllowStatusStage
 This function is called by:
		_USBCtrlTrfOutHandler
 This function uses a non-reentrant model


 *************** function _USBCtrlEPAllowStatusStage *****************
 Defined at:
		line 1416 in file "../../../../../../framework/usb/src/usb_device.c"
 Parameters:    Size  Location     Type
		None
 Auto vars:     Size  Location     Type
		None
 Return value:  Size  Location     Type
                  1    wreg      void 
 Registers used:
		wreg, fsr2l, fsr2h, status,2, status,0
 Tracked objects:
		On entry : 
		On exit  : 
		Unchanged: 
 Data sizes:     COMRAM   BANK0   BANK1   BANK2   BANK3   BANK4   BANK5   BANK6   BANK7
      Params:         0       0       0       0       0       0       0       0       0
      Locals:         0       0       0       0       0       0       0       0       0
      Temps:          0       0       0       0       0       0       0       0       0
      Totals:         0       0       0       0       0       0       0       0       0
Total ram usage:        0 bytes
 Hardware stack levels used:    1
 Hardware stack levels required when called:    1
 This function calls:
		Nothing
 This function is called by:
		_USBDeviceTasks
		_USBCtrlEPServiceComplete
		_USBCtrlTrfRxService
 This function uses a non-reentrant model


 *************** function _USBCtrlTrfInHandler *****************
 Defined at:
		line 2592 in file "../../../../../../framework/usb/src/usb_device.c"
 Parameters:    Size  Location     Type
		None
 Auto vars:     Size  Location     Type
  lastDTS         1   19[COMRAM] unsigned char 
 Return value:  Size  Location     Type
                  1    wreg      void 
 Registers used:
		wreg, fsr1l, fsr1h, fsr2l, fsr2h, status,2, status,0, tblptrl, tblptrh, tblptru, cstack
 Tracked objects:
		On entry : 
		On exit  : 
		Unchanged: 
 Data sizes:     COMRAM   BANK0   BANK1   BANK2   BANK3   BANK4   BANK5   BANK6   BANK7
      Params:         0       0       0       0       0       0       0       0       0
      Locals:         1       0       0       0       0       0       0       0       0
      Temps:          0       0       0       0       0       0       0       0       0
      Totals:         1       0       0       0       0       0       0       0       0
Total ram usage:        1 bytes
 Hardware stack levels used:    1
 Hardware stack levels required when called:    2
 This function calls:
		_USBCtrlTrfTxService
 This function is called by:
		_USBCtrlEPService
 This function uses a non-reentrant model


 *************** function _USBCtrlTrfTxService *****************
 Defined at:
		line 1771 in file "../../../../../../framework/usb/src/usb_device.c"
 Parameters:    Size  Location     Type
		None
 Auto vars:     Size  Location     Type
  byteToSend      1   18[COMRAM] unsigned char 
 Return value:  Size  Location     Type
                  1    wreg      void 
 Registers used:
		wreg, fsr1l, fsr1h, fsr2l, fsr2h, status,2, status,0, tblptrl, tblptrh, tblptru
 Tracked objects:
		On entry : 
		On exit  : 
		Unchanged: 
 Data sizes:     COMRAM   BANK0   BANK1   BANK2   BANK3   BANK4   BANK5   BANK6   BANK7
      Params:         0       0       0       0       0       0       0       0       0
      Locals:         1       0       0       0       0       0       0       0       0
      Temps:          0       0       0       0       0       0       0       0       0
      Totals:         1       0       0       0       0       0       0       0       0
Total ram usage:        1 bytes
 Hardware stack levels used:    1
 Hardware stack levels required when called:    1
 This function calls:
		Nothing
 This function is called by:
		_USBCtrlEPAllowDataStage
		_USBCtrlTrfInHandler
 This function uses a non-reentrant model


 *************** function _APP_DeviceJoystickTasks *****************
 Defined at:
		line 142 in file "../demo_src/app_device_joystick.c"
 Parameters:    Size  Location     Type
		None
 Auto vars:     Size  Location     Type
		None
 Return value:  Size  Location     Type
                  1    wreg      void 
 Registers used:
		wreg, fsr2l, fsr2h, status,2, status,0, prodl, prodh, cstack
 Tracked objects:
		On entry : 
		On exit  : 
		Unchanged: 
 Data sizes:     COMRAM   BANK0   BANK1   BANK2   BANK3   BANK4   BANK5   BANK6   BANK7
      Params:         0       0       0       0       0       0       0       0       0
      Locals:         0       0       0       0       0       0       0       0       0
      Temps:          0       0       0       0       0       0       0       0       0
      Totals:         0       0       0       0       0       0       0       0       0
Total ram usage:        0 bytes
 Hardware stack levels used:    1
 Hardware stack levels required when called:    2
 This function calls:
		_BUTTON_IsPressed
		_USBTransferOnePacket
 This function is called by:
		_main
 This function uses a non-reentrant model


 *************** function _USBTransferOnePacket *****************
 Defined at:
		line 995 in file "../../../../../../framework/usb/src/usb_device.c"
 Parameters:    Size  Location     Type
  ep              1    wreg     unsigned char 
  dir             1   18[COMRAM] unsigned char 
  data            2   19[COMRAM] PTR unsigned char 
		 -> joystick_input(7), 
  len             1   21[COMRAM] unsigned char 
 Auto vars:     Size  Location     Type
  ep              1   26[COMRAM] unsigned char 
  handle          2   27[COMRAM] PTR volatile struct __BD
		 -> RAM(2047), NULL(0), BDT(32), 
 Return value:  Size  Location     Type
                  2   18[COMRAM] PTR void 
 Registers used:
		wreg, fsr2l, fsr2h, status,2, status,0, prodl, prodh
 Tracked objects:
		On entry : 
		On exit  : 
		Unchanged: 
 Data sizes:     COMRAM   BANK0   BANK1   BANK2   BANK3   BANK4   BANK5   BANK6   BANK7
      Params:         4       0       0       0       0       0       0       0       0
      Locals:         3       0       0       0       0       0       0       0       0
      Temps:          4       0       0       0       0       0       0       0       0
      Totals:        11       0       0       0       0       0       0       0       0
Total ram usage:       11 bytes
 Hardware stack levels used:    1
 Hardware stack levels required when called:    1
 This function calls:
		Nothing
 This function is called by:
		_APP_DeviceJoystickTasks
 This function uses a non-reentrant model


 *************** function _BUTTON_IsPressed *****************
 Defined at:
		line 63 in file "../../../../../../bsp/picdem_fs_usb_k50/buttons.c"
 Parameters:    Size  Location     Type
  button          1    wreg     enum E5727
 Auto vars:     Size  Location     Type
  button          1   18[COMRAM] enum E5727
 Return value:  Size  Location     Type
                  1    wreg      unsigned char 
 Registers used:
		wreg, status,2, status,0
 Tracked objects:
		On entry : 
		On exit  : 
		Unchanged: 
 Data sizes:     COMRAM   BANK0   BANK1   BANK2   BANK3   BANK4   BANK5   BANK6   BANK7
      Params:         0       0       0       0       0       0       0       0       0
      Locals:         1       0       0       0       0       0       0       0       0
      Temps:          0       0       0       0       0       0       0       0       0
      Totals:         1       0       0       0       0       0       0       0       0
Total ram usage:        1 bytes
 Hardware stack levels used:    1
 Hardware stack levels required when called:    1
 This function calls:
		Nothing
 This function is called by:
		_APP_DeviceJoystickTasks
 This function uses a non-reentrant model


 *************** function _SYS_InterruptHigh *****************
 Defined at:
		line 111 in file "system.c"
 Parameters:    Size  Location     Type
		None
 Auto vars:     Size  Location     Type
		None
 Return value:  Size  Location     Type
                  1    wreg      void 
 Registers used:
		None
 Tracked objects:
		On entry : 
		On exit  : 
		Unchanged: 
 Data sizes:     COMRAM   BANK0   BANK1   BANK2   BANK3   BANK4   BANK5   BANK6   BANK7
      Params:         0       0       0       0       0       0       0       0       0
      Locals:         0       0       0       0       0       0       0       0       0
      Temps:         18       0       0       0       0       0       0       0       0
      Totals:        18       0       0       0       0       0       0       0       0
Total ram usage:       18 bytes
 Hardware stack levels used:    1
 This function calls:
		Nothing
 This function is called by:
		Interrupt level 2
 This function uses a non-reentrant model



MODULE INFORMATION

Module		Function		Class		Link	Load	Size
../demo_src/usb_events.c
		_USER_USB_CALLBACK_EVENT_HANDLER		CODE           	1B2A	0000	127

../demo_src/usb_events.c estimated size: 127

../../../../../../bsp/picdem_fs_usb_k50/buttons.c
		_BUTTON_IsPressed		CODE           	1D4C	0000	57
		_BUTTON_Enable 		CODE           	1E7E	0000	43

../../../../../../bsp/picdem_fs_usb_k50/buttons.c estimated size: 100

../demo_src/app_device_joystick.c
		_APP_DeviceJoystickInitialize		CODE           	1F0E	0000	21
		_APP_DeviceJoystickTasks		CODE           	1704	0000	183

../demo_src/app_device_joystick.c estimated size: 204

C:\Program Files (x86)\Microchip\xc8\v1.45\sources\common\memcpy.c
		_memcpy        		CODE           	1C4A	0000	69

C:\Program Files (x86)\Microchip\xc8\v1.45\sources\common\memcpy.c estimated size: 69

../../../../../../framework/usb/src/usb_device.c
		_USBCtrlTrfInHandler		CODE           	1646	0000	191
		_USBTransferOnePacket		CODE           	1040	0000	259
		_USBStdGetDscHandler		CODE           	0E18	0000	283
		_USBCtrlEPAllowDataStage		CODE           	18EE	0000	151
		_USBStdFeatureReqHandler		CODE           	08DC	0000	675
		_USBCtrlEPAllowStatusStage		CODE           	1584	0000	195
		_USBCtrlTrfSetupHandler		CODE           	1A18	0000	147
		_USBCtrlTrfOutHandler		CODE           	1BA8	0000	93
		_USBCtrlEPServiceComplete		CODE           	1142	0000	243
		_USBSuspend    		CODE           	1E24	0000	47
		_USBStdSetCfgHandler		CODE           	1234	0000	225
		_USBStdGetStatusHandler		CODE           	17BA	0000	157
		_USBWakeFromSuspend		CODE           	1DF0	0000	53
		_USBCtrlTrfRxService		CODE           	0F32	0000	271
		_USBCtrlTrfTxService		CODE           	14BE	0000	199
		_USBEnableEndpoint		CODE           	1C8E	0000	69
		_USBConfigureEndpoint		CODE           	1984	0000	149
		_USBDeviceInit 		CODE           	0CDC	0000	317
		_USBIncrement1msInternalTimers		CODE           	1EEE	0000	33
		_USBCtrlEPService		CODE           	1856	0000	153
		_USBStallHandler		CODE           	1CD2	0000	67
		_USBDeviceTasks		CODE           	0B7E	0000	351
		_USBCheckStdRequest		CODE           	1314	0000	219

../../../../../../framework/usb/src/usb_device.c estimated size: 4547

../../../../../../framework/usb/src/usb_device_hid.c
		_USBCheckHIDRequest		CODE           	13EE	0000	209

../../../../../../framework/usb/src/usb_device_hid.c estimated size: 209

shared
		_configDescriptor1		SMALLCONST     	0887	0000	35
		_USB_CD_Ptr    		SMALLCONST     	0807	0000	3
		_sd001         		SMALLCONST     	0853	0000	53
		_sd002         		SMALLCONST     	08A9	0000	29
		__initialization		CODE           	1EA8	0000	25
		_device_dsc    		SMALLCONST     	08C5	0000	19
		_USB_SD_Ptr    		SMALLCONST     	0801	0000	7
		_hid_rpt01     		SMALLCONST     	0809	0000	75
		_sd000         		SMALLCONST     	08D7	0000	5

shared estimated size: 251

../../../../../../bsp/picdem_fs_usb_k50/leds.c
		_LED_Off       		CODE           	1DBA	0000	55
		_LED_On        		CODE           	1D84	0000	55
		_LED_Enable    		CODE           	1C04	0000	71

../../../../../../bsp/picdem_fs_usb_k50/leds.c estimated size: 181

system.c
		_SYS_InterruptHigh		CODE           	0008	0000	151
		_SYSTEM_Initialize		CODE           	1D14	0000	57

system.c estimated size: 208

../demo_src/app_led_usb_status.c
		_APP_LEDUpdateUSBStatus		CODE           	1AAA	0000	129

../demo_src/app_led_usb_status.c estimated size: 129

../demo_src/main.c
		_main          		CODE           	1ECE	0000	33

../demo_src/main.c estimated size: 33

C:\Program Files (x86)\Microchip\xc8\v1.45\sources\common\memset.c
		_memset        		CODE           	1E52	0000	45

C:\Program Files (x86)\Microchip\xc8\v1.45\sources\common\memset.c estimated size: 45

