Microchip MPLAB XC8 Compiler V1.45 ()

Linker command line:

--edf=C:\Program Files (x86)\Microchip\xc8\v1.45\dat\en_msgs.txt -cs \
  -h+dist/PICDEM_FSUSB_K50/production\picdem_fs_usb_k50.x.production.sym \
  --cmf=dist/PICDEM_FSUSB_K50/production\picdem_fs_usb_k50.x.production.cmf \
  -z -Q18F45K50 -oC:\Users\KYLE~1.MAR\AppData\Local\Temp\s21do.2 \
  -Mdist/PICDEM_FSUSB_K50/production/picdem_fs_usb_k50.x.production.map -E1 \
  -ver=XC8 -ASTACK=07Fh-03ffh -pstack=STACK -ACODE=00h-07FFFh \
  -ACONST=00h-07FFFh -ASMALLCONST=0800h-08FFhx120 \
  -AMEDIUMCONST=0800h-07FFFh -ACOMRAM=01h-05Fh -AABS1=00h-07FFh \
  -ABIGRAM=01h-07FFh -ARAM=060h-0FFh,0100h-01FFhx7 -ABANK0=060h-0FFh \
  -ABANK1=0100h-01FFh -ABANK2=0200h-02FFh -ABANK3=0300h-03FFh \
  -ABANK4=0400h-04FFh -ABANK5=0500h-05FFh -ABANK6=0600h-06FFh \
  -ABANK7=0700h-07FFh -ASFR=0F53h-0F5Fh,0F60h-0FFFh \
  -preset_vec=00h,intcode=08h,intcodelo,powerup,init -pramtop=0800h \
  -psmallconst=SMALLCONST -pmediumconst=MEDIUMCONST -pconst=CONST \
  -AFARRAM=00h-00h -ACONFIG=0300000h-030000Dh -pconfig=CONFIG \
  -AIDLOC=0200000h-0200007h -pidloc=IDLOC -AEEDATA=0F00000h-0F000FFh \
  -peeprom_data=EEDATA \
  -prdata=COMRAM,nvrram=COMRAM,nvbit=COMRAM,rbss=COMRAM,rbit=COMRAM \
  -pfarbss=FARRAM,fardata=FARRAM,nvFARRAM=FARRAM \
  -pintsave_regs=BIGRAM,bigbss=BIGRAM,bigdata=BIGRAM -pbss=RAM \
  -pidata=CODE,irdata=CODE,ibigdata=CODE,ifardata=CODE -prparam=COMRAM \
  C:\Users\KYLE~1.MAR\AppData\Local\Temp\s21do.obj \
  dist/PICDEM_FSUSB_K50/production\picdem_fs_usb_k50.x.production.obj 

Object code version is 3.11

Machine type is 18F45K50

Call graph: (short form)




                Name                               Link     Load   Length Selector   Space Scale
C:\Users\KYLE~1.MAR\AppData\Local\Temp\s21do.obj
                init                                 9E       9E        4        4       0
                reset_vec                             0        0        4        0       0
                idloc                            200000   200000        8   200000       0
                config                           300000   300000        E   300000       0
dist/PICDEM_FSUSB_K50/production\picdem_fs_usb_k50.x.production.obj
                intcode                               8        8       96        4       0
                temp                                 4D       4D        1        1       1
                mediumconst                        7A6C     7A6C      594     3D36       0
                text38                              B04      B04       FE        4       0
                text37                              A02      A02      102        4       0
                text36                             1868     1868       3E        4       0
                text35                              344      344      1FC        4       0
                text34                              F84      F84       C6        4       0
                text33                             110C     110C       BE        4       0
                text32                             104A     104A       C2        4       0
                text31                              8F4      8F4      10E        4       0
                text30                             1674     1674       5C        4       0
                text29                             1450     1450       94        4       0
                text28                             17A4     17A4       44        4       0
                text27                             1A06     1A06       16        4       0
                text26                             18DC     18DC       36        4       0
                text25                             18A6     18A6       36        4       0
                text24                             1576     1576       80        4       0
                text23                             11CA     11CA       BC        4       0
                text22                             171A     171A       46        4       0
                text21                             16D0     16D0       4A        4       0
                text20                             182A     182A       3E        4       0
                text19                              EAE      EAE       D6        4       0
                text18                             15F6     15F6       7E        4       0
                text17                               A2       A2      2A2        4       0
                text16                              7DA      7DA      11A        4       0
                text15                             1286     1286       9C        4       0
                text14                             1974     1974       2C        4       0
                text13                              CF4      CF4       E0        4       0
                text12                              DD4      DD4       DA        4       0
                text11                             13BA     13BA       96        4       0
                text10                              C02      C02       F2        4       0
                text9                              14E4     14E4       92        4       0
                text8                              1760     1760       44        4       0
                text7                              1322     1322       98        4       0
                text6                               69E      69E      13C        4       0
                text5                              19E6     19E6       20        4       0
                text4                              17E8     17E8       42        4       0
                text3                              1946     1946       2E        4       0
                text2                              1912     1912       34        4       0
                text1                               540      540      15E        4       0
                text0                              19C6     19C6       20        4       0
                cstackCOMRAM                         30       30       1D        1       1
                cstackBANK0                          60       60       11       60       1
                bssBANK0                             71       71        E       60       1
                bssCOMRAM                             1        1       2F        1       1
                cinit                              19A0     19A0       26        4       0

TOTAL           Name                               Link     Load   Length     Space
        CLASS   STACK          

        CLASS   CODE           
                intcode                               8        8       96         0
                init                                 9E       9E        4         0
                reset_vec                             0        0        4         0
                text38                              B04      B04       FE         0
                text37                              A02      A02      102         0
                text36                             1868     1868       3E         0
                text35                              344      344      1FC         0
                text34                              F84      F84       C6         0
                text33                             110C     110C       BE         0
                text32                             104A     104A       C2         0
                text31                              8F4      8F4      10E         0
                text30                             1674     1674       5C         0
                text29                             1450     1450       94         0
                text28                             17A4     17A4       44         0
                text27                             1A06     1A06       16         0
                text26                             18DC     18DC       36         0
                text25                             18A6     18A6       36         0
                text24                             1576     1576       80         0
                text23                             11CA     11CA       BC         0
                text22                             171A     171A       46         0
                text21                             16D0     16D0       4A         0
                text20                             182A     182A       3E         0
                text19                              EAE      EAE       D6         0
                text18                             15F6     15F6       7E         0
                text17                               A2       A2      2A2         0
                text16                              7DA      7DA      11A         0
                text15                             1286     1286       9C         0
                text14                             1974     1974       2C         0
                text13                              CF4      CF4       E0         0
                text12                              DD4      DD4       DA         0
                text11                             13BA     13BA       96         0
                text10                              C02      C02       F2         0
                text9                              14E4     14E4       92         0
                text8                              1760     1760       44         0
                text7                              1322     1322       98         0
                text6                               69E      69E      13C         0
                text5                              19E6     19E6       20         0
                text4                              17E8     17E8       42         0
                text3                              1946     1946       2E         0
                text2                              1912     1912       34         0
                text1                               540      540      15E         0
                text0                              19C6     19C6       20         0
                cinit                              19A0     19A0       26         0

        CLASS   CONST          

        CLASS   SMALLCONST     

        CLASS   MEDIUMCONST    
                mediumconst                        7A6C     7A6C      594         0

        CLASS   COMRAM         
                temp                                 4D       4D        1         1
                cstackCOMRAM                         30       30       1D         1
                bssCOMRAM                             1        1       2F         1

        CLASS   ABS1           
                abs_s1                              400      400       30         1
                abs_s1                              500      500        7         1

        CLASS   BIGRAM         

        CLASS   RAM            

        CLASS   BANK0          
                cstackBANK0                          60       60       11         1
                bssBANK0                             71       71        E         1

        CLASS   BANK1          

        CLASS   BANK2          

        CLASS   BANK3          

        CLASS   BANK4          

        CLASS   BANK5          

        CLASS   BANK6          

        CLASS   BANK7          

        CLASS   SFR            

        CLASS   FARRAM         

        CLASS   CONFIG         
                config                           300000   300000        E         0

        CLASS   IDLOC          
                idloc                            200000   200000        8         0

        CLASS   EEDATA         



SEGMENTS        Name                           Load    Length   Top    Selector   Space  Class

                reset_vec                      000000  000004  000004         0       0  CODE    
                bssCOMRAM                      000001  00004D  00004E         1       1  COMRAM  
                intcode                        000008  001A14  001A1C         4       0  CODE    
                cstackBANK0                    000060  00001F  00007F        60       1  BANK0   
                mediumconst                    007A6C  000594  008000      3D36       0  MEDIUMCO
                idloc                          200000  000008  200008    200000       0  IDLOC   
                config                         300000  00000E  30000E    300000       0  CONFIG  


UNUSED ADDRESS RANGES

        Name                Unused          Largest block    Delta
        BANK0            00007F-0000FF               81
        BANK1            000100-0001FF              100
        BANK2            000200-0002FF              100
        BANK3            000300-0003FF              100
        BANK4            000430-0004FF               D0
        BANK5            000507-0005FF               F9
        BANK6            000600-0006FF              100
        BANK7            000700-0007FF              100
        BIGRAM           00004E-00005F               12
                         00007F-0003FF              381
                         000430-0004FF               D0
                         000507-0007FF              2F9
        CODE             000004-000007                4
                         001A1C-007A6B             6050
        COMRAM           00004E-00005F               12
        CONST            000004-000007                4
                         001A1C-007A6B             6050
        EEDATA           F00000-F000FF              100
        MEDIUMCONST      001A1C-007A6B             6050
        RAM              00007F-0003FF              100
                         000430-0004FF               D0
                         000507-0007FF              100
        SFR              000F53-000FFF                D
        SMALLCONST       001A1C-007A6B              100
        STACK            00007F-0003FF              381

                                  Symbol Table

?_USBTransferOnePacket                    cstackCOMRAM 000042
APP_LEDUpdateUSBStatus@ledCount           bssCOMRAM    00000F
BUTTON_Enable@button                      cstackCOMRAM 000042
BUTTON_IsPressed@button                   cstackCOMRAM 000042
LED_Enable@led                            cstackCOMRAM 000042
LED_Off@led                               cstackCOMRAM 000042
LED_On@led                                cstackCOMRAM 000042
SYSTEM_Initialize@state                   cstackCOMRAM 000043
USBConfigureEndpoint@EPNum                cstackCOMRAM 000047
USBConfigureEndpoint@direction            cstackCOMRAM 000042
USBConfigureEndpoint@handle               cstackCOMRAM 000048
USBCtrlTrfInHandler@lastDTS               cstackCOMRAM 000043
USBCtrlTrfRxService@byteToRead            cstackCOMRAM 000043
USBCtrlTrfRxService@i                     cstackCOMRAM 000042
USBCtrlTrfTxService@byteToSend            cstackCOMRAM 000042
USBDeviceInit@i                           cstackCOMRAM 00004A
USBDeviceTasks@i                          cstackBANK0  000070
USBEnableEndpoint@ep                      cstackBANK0  000062
USBEnableEndpoint@options                 cstackCOMRAM 00004A
USBEnableEndpoint@p                       cstackBANK0  000060
USBStdFeatureReqHandler@current_ep_data   cstackBANK0  00006C
USBStdFeatureReqHandler@p                 cstackBANK0  00006D
USBStdFeatureReqHandler@pUEP              cstackBANK0  00006A
USBStdGetStatusHandler@p                  cstackCOMRAM 000043
USBStdSetCfgHandler@i                     cstackBANK0  000069
USBTransferOnePacket@data                 cstackCOMRAM 000043
USBTransferOnePacket@dir                  cstackCOMRAM 000042
USBTransferOnePacket@ep                   cstackCOMRAM 00004A
USBTransferOnePacket@handle               cstackCOMRAM 00004B
USBTransferOnePacket@len                  cstackCOMRAM 000045
USER_USB_CALLBACK_EVENT_HANDLER@event     cstackBANK0  000063
USER_USB_CALLBACK_EVENT_HANDLER@pdata     cstackBANK0  000065
USER_USB_CALLBACK_EVENT_HANDLER@size      cstackBANK0  000067
WHEEL_Enable@wheel                        cstackCOMRAM 000042
WHEEL_Position@wheel                      cstackCOMRAM 000043
_ACTCON                                   (abs)        000FB5
_ADCON0                                   (abs)        000FC2
_ADCON0bits                               (abs)        000FC2
_ADCON1bits                               (abs)        000FC1
_ADRESL                                   (abs)        000FC3
_ANSELAbits                               (abs)        000F5B
_ANSELBbits                               (abs)        000F5C
_ANSELDbits                               (abs)        000F5E
_APP_DeviceJoystickInitialize             text27       001A06
_APP_DeviceJoystickTasks                  text35       000344
_APP_LEDUpdateUSBStatus                   text24       001576
_BDT                                      (abs)        000400
_BUTTON_Enable                            text23       0011CA
_BUTTON_IsPressed                         text38       000B04
_BothEP0OutUOWNsSet                       bssCOMRAM    000024
_Buttons_Pressed                          bssCOMRAM    00001B
_CtrlTrfData                              (abs)        000428
_GO_nDONE                                 (abs)        007E11
_LATDbits                                 (abs)        000F8C
_LED_Enable                               text22       00171A
_LED_Off                                  text26       0018DC
_LED_On                                   text25       0018A6
_OSCCON                                   (abs)        000FD3
_OSCCON2                                  (abs)        000FD2
_OSCCON2bits                              (abs)        000FD2
_OSCTUNE                                  (abs)        000F9B
_PIE3bits                                 (abs)        000FA3
_PIR3bits                                 (abs)        000FA4
_PORTAbits                                (abs)        000F80
_PORTBbits                                (abs)        000F81
_PORTDbits                                (abs)        000F83
_RemoteWakeup                             bssCOMRAM    000027
_SYSTEM_Initialize                        text20       00182A
_SYS_InterruptHigh                        intcode      000008
_SetupPkt                                 (abs)        000420
_TRISAbits                                (abs)        000F92
_TRISBbits                                (abs)        000F93
_TRISDbits                                (abs)        000F95
_UADDR                                    (abs)        000F63
_UCFG                                     (abs)        000F62
_UCON                                     (abs)        000F60
_UCONbits                                 (abs)        000F60
_UEIE                                     (abs)        000F66
_UEIR                                     (abs)        000F67
_UEP0                                     (abs)        000F6A
_UEP0bits                                 (abs)        000F6A
_UEP1                                     (abs)        000F6B
_UIE                                      (abs)        000F64
_UIEbits                                  (abs)        000F64
_UIR                                      (abs)        000F65
_UIRbits                                  (abs)        000F65
_USB1msTickCount                          bssBANK0     000079
_USBActiveConfiguration                   bssCOMRAM    00002F
_USBAlternateInterface                    bssCOMRAM    00002E
_USBBusIsSuspended                        bssCOMRAM    000026
_USBCheckHIDRequest                       text19       000EAE
_USBCheckStdRequest                       text12       000DD4
_USBConfigureEndpoint                     text29       001450
_USBCtrlEPAllowDataStage                  text11       0013BA
_USBCtrlEPAllowStatusStage                text32       00104A
_USBCtrlEPService                         text7        001322
_USBCtrlEPServiceComplete                 text10       000C02
_USBCtrlTrfInHandler                      text33       00110C
_USBCtrlTrfOutHandler                     text30       001674
_USBCtrlTrfRxService                      text31       0008F4
_USBCtrlTrfSetupHandler                   text9        0014E4
_USBCtrlTrfTxService                      text34       000F84
_USBDeferINDataStagePackets               bssCOMRAM    00001F
_USBDeferOUTDataStagePackets              bssCOMRAM    00001E
_USBDeferStatusStagePacket                bssCOMRAM    000022
_USBDeviceInit                            text6        00069E
_USBDeviceState                           bssCOMRAM    00002A
_USBDeviceTasks                           text1        000540
_USBEnableEndpoint                        text28       0017A4
_USBIncrement1msInternalTimers            text5        0019E6
_USBStallHandler                          text4        0017E8
_USBStatusStageEnabledFlag1               bssCOMRAM    000021
_USBStatusStageEnabledFlag2               bssCOMRAM    000020
_USBStatusStageTimeoutCounter             bssCOMRAM    000023
_USBStdFeatureReqHandler                  text17       0000A2
_USBStdGetDscHandler                      text16       0007DA
_USBStdGetStatusHandler                   text15       001286
_USBStdSetCfgHandler                      text13       000CF4
_USBSuspend                               text3        001946
_USBTicksSinceSuspendEnd                  bssCOMRAM    00001D
_USBTransferOnePacket                     text37       000A02
_USBWakeFromSuspend                       text2        001912
_USB_CD_Ptr                               mediumconst  007A73
_USB_SD_Ptr                               mediumconst  007A6D
_USER_USB_CALLBACK_EVENT_HANDLER          text18       0015F6
_USTAT                                    (abs)        000F61
_USTATcopy                                bssCOMRAM    00002D
_WHEEL_Enable                             text21       0016D0
_WHEEL_Position                           text36       001868
_WHEEL_Type                               bssCOMRAM    00001C
__CFG_BOREN$SBORDIS                       (abs)        000000
__CFG_BORV$190                            (abs)        000000
__CFG_CCP2MX$RC1                          (abs)        000000
__CFG_CFGPLLEN$OFF                        (abs)        000000
__CFG_CP0$OFF                             (abs)        000000
__CFG_CP1$OFF                             (abs)        000000
__CFG_CP2$OFF                             (abs)        000000
__CFG_CP3$OFF                             (abs)        000000
__CFG_CPB$OFF                             (abs)        000000
__CFG_CPD$OFF                             (abs)        000000
__CFG_CPUDIV$NOCLKDIV                     (abs)        000000
__CFG_EBTR0$OFF                           (abs)        000000
__CFG_EBTR1$OFF                           (abs)        000000
__CFG_EBTR2$OFF                           (abs)        000000
__CFG_EBTR3$OFF                           (abs)        000000
__CFG_EBTRB$OFF                           (abs)        000000
__CFG_FCMEN$OFF                           (abs)        000000
__CFG_FOSC$INTOSCIO                       (abs)        000000
__CFG_ICPRT$OFF                           (abs)        000000
__CFG_IESO$OFF                            (abs)        000000
__CFG_LS48MHZ$SYS48X8                     (abs)        000000
__CFG_LVP$OFF                             (abs)        000000
__CFG_MCLRE$ON                            (abs)        000000
__CFG_PBADEN$OFF                          (abs)        000000
__CFG_PCLKEN$OFF                          (abs)        000000
__CFG_PLLSEL$PLL3X                        (abs)        000000
__CFG_SDOMX$RC7                           (abs)        000000
__CFG_STVREN$ON                           (abs)        000000
__CFG_T3CMX$RC0                           (abs)        000000
__CFG_WDTEN$SWON                          (abs)        000000
__CFG_WDTPS$32768                         (abs)        000000
__CFG_WRT0$OFF                            (abs)        000000
__CFG_WRT1$OFF                            (abs)        000000
__CFG_WRT2$OFF                            (abs)        000000
__CFG_WRT3$OFF                            (abs)        000000
__CFG_WRTB$OFF                            (abs)        000000
__CFG_WRTC$OFF                            (abs)        000000
__CFG_WRTD$OFF                            (abs)        000000
__CFG_XINST$OFF                           (abs)        000000
__CFG_nLPBOR$ON                           (abs)        000000
__CFG_nPWRTEN$OFF                         (abs)        000000
__HRAM                                    (abs)        000000
__Habs1                                   abs1         000000
__Hbank0                                  bank0        000000
__Hbank1                                  bank1        000000
__Hbank2                                  bank2        000000
__Hbank3                                  bank3        000000
__Hbank4                                  bank4        000000
__Hbank5                                  bank5        000000
__Hbank6                                  bank6        000000
__Hbank7                                  bank7        000000
__Hbigbss                                 bigbss       000000
__Hbigdata                                bigdata      000000
__Hbigram                                 bigram       000000
__Hbss                                    bss          000000
__HbssBANK0                               bssBANK0     000000
__HbssCOMRAM                              bssCOMRAM    000000
__Hcinit                                  cinit        000000
__Hclrtext                                clrtext      000000
__Hcomram                                 comram       000000
__Hconfig                                 config       30000E
__Hconst                                  const        000000
__HcstackBANK0                            cstackBANK0  000000
__HcstackCOMRAM                           cstackCOMRAM 000000
__Hdata                                   data         000000
__Heeprom_data                            eeprom_data  000000
__Hfarbss                                 farbss       000000
__Hfardata                                fardata      000000
__Hibigdata                               ibigdata     000000
__Hidata                                  idata        000000
__Hidloc                                  idloc        200008
__Hifardata                               ifardata     000000
__Hinit                                   init         0000A2
__Hintcode                                intcode      00009E
__Hintcode_body                           intcode_body 000000
__Hintcodelo                              intcodelo    00009E
__Hintentry                               intentry     000000
__Hintret                                 intret       000000
__Hintsave_regs                           intsave_regs 000000
__Hirdata                                 irdata       000000
__Hmediumconst                            mediumconst  008000
__HnvFARRAM                               nvFARRAM     000000
__Hnvbit                                  nvbit        000000
__Hnvrram                                 nvrram       000000
__Hparam                                  rparam       000000
__Hpowerup                                powerup      00009E
__Hram                                    ram          000000
__Hramtop                                 ramtop       000800
__Hrbit                                   rbit         000000
__Hrbss                                   rbss         000000
__Hrdata                                  rdata        000000
__Hreset_vec                              reset_vec    000004
__Hrparam                                 rparam       000000
__Hsfr                                    sfr          000000
__Hsmallconst                             smallconst   000000
__Hspace_0                                (abs)        30000E
__Hspace_1                                (abs)        00007F
__Hspace_2                                (abs)        000000
__Hstack                                  stack        000000
__Hstruct                                 struct       000000
__Htemp                                   temp         00004E
__Htext                                   text         000000
__Htext0                                  text0        000000
__Htext1                                  text1        000000
__Htext10                                 text10       000000
__Htext11                                 text11       000000
__Htext12                                 text12       000000
__Htext13                                 text13       000000
__Htext14                                 text14       000000
__Htext15                                 text15       000000
__Htext16                                 text16       000000
__Htext17                                 text17       000000
__Htext18                                 text18       000000
__Htext19                                 text19       000000
__Htext2                                  text2        000000
__Htext20                                 text20       000000
__Htext21                                 text21       000000
__Htext22                                 text22       000000
__Htext23                                 text23       000000
__Htext24                                 text24       000000
__Htext25                                 text25       000000
__Htext26                                 text26       000000
__Htext27                                 text27       000000
__Htext28                                 text28       000000
__Htext29                                 text29       000000
__Htext3                                  text3        000000
__Htext30                                 text30       000000
__Htext31                                 text31       000000
__Htext32                                 text32       000000
__Htext33                                 text33       000000
__Htext34                                 text34       000000
__Htext35                                 text35       000000
__Htext36                                 text36       000000
__Htext37                                 text37       000000
__Htext38                                 text38       000000
__Htext4                                  text4        000000
__Htext5                                  text5        000000
__Htext6                                  text6        000000
__Htext7                                  text7        000000
__Htext8                                  text8        000000
__Htext9                                  text9        000000
__LRAM                                    (abs)        000001
__Labs1                                   abs1         000000
__Lbank0                                  bank0        000000
__Lbank1                                  bank1        000000
__Lbank2                                  bank2        000000
__Lbank3                                  bank3        000000
__Lbank4                                  bank4        000000
__Lbank5                                  bank5        000000
__Lbank6                                  bank6        000000
__Lbank7                                  bank7        000000
__Lbigbss                                 bigbss       000000
__Lbigdata                                bigdata      000000
__Lbigram                                 bigram       000000
__Lbss                                    bss          000000
__LbssBANK0                               bssBANK0     000000
__LbssCOMRAM                              bssCOMRAM    000000
__Lcinit                                  cinit        000000
__Lclrtext                                clrtext      000000
__Lcomram                                 comram       000000
__Lconfig                                 config       300000
__Lconst                                  const        000000
__LcstackBANK0                            cstackBANK0  000000
__LcstackCOMRAM                           cstackCOMRAM 000000
__Ldata                                   data         000000
__Leeprom_data                            eeprom_data  000000
__Lfarbss                                 farbss       000000
__Lfardata                                fardata      000000
__Libigdata                               ibigdata     000000
__Lidata                                  idata        000000
__Lidloc                                  idloc        200000
__Lifardata                               ifardata     000000
__Linit                                   init         00009E
__Lintcode                                intcode      000008
__Lintcode_body                           intcode_body 000000
__Lintcodelo                              intcodelo    00009E
__Lintentry                               intentry     000000
__Lintret                                 intret       000000
__Lintsave_regs                           intsave_regs 000000
__Lirdata                                 irdata       000000
__Lmediumconst                            mediumconst  007A6C
__LnvFARRAM                               nvFARRAM     000000
__Lnvbit                                  nvbit        000000
__Lnvrram                                 nvrram       000000
__Lparam                                  rparam       000000
__Lpowerup                                powerup      00009E
__Lram                                    ram          000000
__Lramtop                                 ramtop       000800
__Lrbit                                   rbit         000000
__Lrbss                                   rbss         000000
__Lrdata                                  rdata        000000
__Lreset_vec                              reset_vec    000000
__Lrparam                                 rparam       000000
__Lsfr                                    sfr          000000
__Lsmallconst                             smallconst   000000
__Lspace_0                                (abs)        000000
__Lspace_1                                (abs)        000000
__Lspace_2                                (abs)        000000
__Lstack                                  stack        000000
__Lstruct                                 struct       000000
__Ltemp                                   temp         00004D
__Ltext                                   text         000000
__Ltext0                                  text0        000000
__Ltext1                                  text1        000000
__Ltext10                                 text10       000000
__Ltext11                                 text11       000000
__Ltext12                                 text12       000000
__Ltext13                                 text13       000000
__Ltext14                                 text14       000000
__Ltext15                                 text15       000000
__Ltext16                                 text16       000000
__Ltext17                                 text17       000000
__Ltext18                                 text18       000000
__Ltext19                                 text19       000000
__Ltext2                                  text2        000000
__Ltext20                                 text20       000000
__Ltext21                                 text21       000000
__Ltext22                                 text22       000000
__Ltext23                                 text23       000000
__Ltext24                                 text24       000000
__Ltext25                                 text25       000000
__Ltext26                                 text26       000000
__Ltext27                                 text27       000000
__Ltext28                                 text28       000000
__Ltext29                                 text29       000000
__Ltext3                                  text3        000000
__Ltext30                                 text30       000000
__Ltext31                                 text31       000000
__Ltext32                                 text32       000000
__Ltext33                                 text33       000000
__Ltext34                                 text34       000000
__Ltext35                                 text35       000000
__Ltext36                                 text36       000000
__Ltext37                                 text37       000000
__Ltext38                                 text38       000000
__Ltext4                                  text4        000000
__Ltext5                                  text5        000000
__Ltext6                                  text6        000000
__Ltext7                                  text7        000000
__Ltext8                                  text8        000000
__Ltext9                                  text9        000000
__S0                                      (abs)        30000E
__S1                                      (abs)        00007F
__S2                                      (abs)        000000
___inthi_sp                               stack        000000
___intlo_sp                               stack        000000
___param_bank                             (abs)        000000
___rparam_used                            (abs)        000001
___sp                                     stack        000000
__accesstop                               (abs)        000060
__activetblptr                            (abs)        000002
__end_of_APP_DeviceJoystickInitialize     text27       001A1C
__end_of_APP_DeviceJoystickTasks          text35       000540
__end_of_APP_LEDUpdateUSBStatus           text24       0015F6
__end_of_BUTTON_Enable                    text23       001286
__end_of_BUTTON_IsPressed                 text38       000C02
__end_of_LED_Enable                       text22       001760
__end_of_LED_Off                          text26       001912
__end_of_LED_On                           text25       0018DC
__end_of_SYSTEM_Initialize                text20       001868
__end_of_SYS_InterruptHigh                intcode      00009E
__end_of_USBCheckHIDRequest               text19       000F84
__end_of_USBCheckStdRequest               text12       000EAE
__end_of_USBConfigureEndpoint             text29       0014E4
__end_of_USBCtrlEPAllowDataStage          text11       001450
__end_of_USBCtrlEPAllowStatusStage        text32       00110C
__end_of_USBCtrlEPService                 text7        0013BA
__end_of_USBCtrlEPServiceComplete         text10       000CF4
__end_of_USBCtrlTrfInHandler              text33       0011CA
__end_of_USBCtrlTrfOutHandler             text30       0016D0
__end_of_USBCtrlTrfRxService              text31       000A02
__end_of_USBCtrlTrfSetupHandler           text9        001576
__end_of_USBCtrlTrfTxService              text34       00104A
__end_of_USBDeviceInit                    text6        0007DA
__end_of_USBDeviceTasks                   text1        00069E
__end_of_USBEnableEndpoint                text28       0017E8
__end_of_USBIncrement1msInternalTimers    text5        001A06
__end_of_USBStallHandler                  text4        00182A
__end_of_USBStdFeatureReqHandler          text17       000344
__end_of_USBStdGetDscHandler              text16       0008F4
__end_of_USBStdGetStatusHandler           text15       001322
__end_of_USBStdSetCfgHandler              text13       000DD4
__end_of_USBSuspend                       text3        001974
__end_of_USBTransferOnePacket             text37       000B04
__end_of_USBWakeFromSuspend               text2        001946
__end_of_USB_CD_Ptr                       mediumconst  007A75
__end_of_USB_SD_Ptr                       mediumconst  007A73
__end_of_USER_USB_CALLBACK_EVENT_HANDLER  text18       001674
__end_of_WHEEL_Enable                     text21       00171A
__end_of_WHEEL_Position                   text36       0018A6
__end_of__initialization                  cinit        0019B8
__end_of_configDescriptor1                mediumconst  007FCC
__end_of_device_dsc                       mediumconst  007FFA
__end_of_hid_rpt01                        mediumconst  007F6F
__end_of_main                             text0        0019E6
__end_of_memcpy                           text8        0017A4
__end_of_memset                           text14       0019A0
__end_of_sd000                            mediumconst  007FFE
__end_of_sd001                            mediumconst  007FA3
__end_of_sd002                            mediumconst  007FE8
__initialization                          cinit        0019A0
__mediumconst                             mediumconst  007A6C
__pbssBANK0                               bssBANK0     000071
__pbssCOMRAM                              bssCOMRAM    000001
__pcinit                                  cinit        0019A0
__pcstackBANK0                            cstackBANK0  000060
__pcstackCOMRAM                           cstackCOMRAM 000030
__pintcode                                intcode      000008
__pmediumconst                            mediumconst  007A6C
__ptext0                                  text0        0019C6
__ptext1                                  text1        000540
__ptext10                                 text10       000C02
__ptext11                                 text11       0013BA
__ptext12                                 text12       000DD4
__ptext13                                 text13       000CF4
__ptext14                                 text14       001974
__ptext15                                 text15       001286
__ptext16                                 text16       0007DA
__ptext17                                 text17       0000A2
__ptext18                                 text18       0015F6
__ptext19                                 text19       000EAE
__ptext2                                  text2        001912
__ptext20                                 text20       00182A
__ptext21                                 text21       0016D0
__ptext22                                 text22       00171A
__ptext23                                 text23       0011CA
__ptext24                                 text24       001576
__ptext25                                 text25       0018A6
__ptext26                                 text26       0018DC
__ptext27                                 text27       001A06
__ptext28                                 text28       0017A4
__ptext29                                 text29       001450
__ptext3                                  text3        001946
__ptext30                                 text30       001674
__ptext31                                 text31       0008F4
__ptext32                                 text32       00104A
__ptext33                                 text33       00110C
__ptext34                                 text34       000F84
__ptext35                                 text35       000344
__ptext36                                 text36       001868
__ptext37                                 text37       000A02
__ptext38                                 text38       000B04
__ptext4                                  text4        0017E8
__ptext5                                  text5        0019E6
__ptext6                                  text6        00069E
__ptext7                                  text7        001322
__ptext8                                  text8        001760
__ptext9                                  text9        0014E4
__ramtop                                  ramtop       000800
__size_of_APP_DeviceJoystickInitialize    (abs)        000000
__size_of_APP_DeviceJoystickTasks         (abs)        000000
__size_of_APP_LEDUpdateUSBStatus          (abs)        000000
__size_of_BUTTON_Enable                   (abs)        000000
__size_of_BUTTON_IsPressed                (abs)        000000
__size_of_LED_Enable                      (abs)        000000
__size_of_LED_Off                         (abs)        000000
__size_of_LED_On                          (abs)        000000
__size_of_SYSTEM_Initialize               (abs)        000000
__size_of_SYS_InterruptHigh               (abs)        000000
__size_of_USBCheckHIDRequest              (abs)        000000
__size_of_USBCheckStdRequest              (abs)        000000
__size_of_USBConfigureEndpoint            (abs)        000000
__size_of_USBCtrlEPAllowDataStage         (abs)        000000
__size_of_USBCtrlEPAllowStatusStage       (abs)        000000
__size_of_USBCtrlEPService                (abs)        000000
__size_of_USBCtrlEPServiceComplete        (abs)        000000
__size_of_USBCtrlTrfInHandler             (abs)        000000
__size_of_USBCtrlTrfOutHandler            (abs)        000000
__size_of_USBCtrlTrfRxService             (abs)        000000
__size_of_USBCtrlTrfSetupHandler          (abs)        000000
__size_of_USBCtrlTrfTxService             (abs)        000000
__size_of_USBDeviceInit                   (abs)        000000
__size_of_USBDeviceTasks                  (abs)        000000
__size_of_USBEnableEndpoint               (abs)        000000
__size_of_USBIncrement1msInternalTimers   (abs)        000000
__size_of_USBStallHandler                 (abs)        000000
__size_of_USBStdFeatureReqHandler         (abs)        000000
__size_of_USBStdGetDscHandler             (abs)        000000
__size_of_USBStdGetStatusHandler          (abs)        000000
__size_of_USBStdSetCfgHandler             (abs)        000000
__size_of_USBSuspend                      (abs)        000000
__size_of_USBTransferOnePacket            (abs)        000000
__size_of_USBWakeFromSuspend              (abs)        000000
__size_of_USER_USB_CALLBACK_EVENT_HANDLER (abs)        000000
__size_of_WHEEL_Enable                    (abs)        000000
__size_of_WHEEL_Position                  (abs)        000000
__size_of_main                            (abs)        000000
__size_of_memcpy                          (abs)        000000
__size_of_memset                          (abs)        000000
__smallconst                              smallconst   000000
_active_protocol                          bssCOMRAM    00002B
_configDescriptor1                        mediumconst  007FA3
_controlTransferState                     bssCOMRAM    000028
_device_dsc                               mediumconst  007FE8
_endpoint_number                          bssCOMRAM    000025
_ep_data_in                               bssCOMRAM    000013
_ep_data_out                              bssCOMRAM    000011
_hid_rpt01                                mediumconst  007A75
_idle_rate                                bssCOMRAM    00002C
_inPipes                                  bssCOMRAM    000001
_joystick_input                           (abs)        000500
_lastTransmission                         bssBANK0     00007D
_main                                     text0        0019C6
_memcpy                                   text8        001760
_memset                                   text14       001974
_outPipes                                 bssBANK0     000071
_pBDTEntryEP0OutCurrent                   bssCOMRAM    000019
_pBDTEntryEP0OutNext                      bssCOMRAM    000017
_pBDTEntryIn                              bssCOMRAM    000007
_pBDTEntryOut                             bssCOMRAM    00000B
_pDst                                     bssCOMRAM    000015
_sd000                                    mediumconst  007FFA
_sd001                                    mediumconst  007F6F
_sd002                                    mediumconst  007FCC
_shortPacketStatus                        bssCOMRAM    000029
btemp                                     temp         00004D
end_of_initialization                     cinit        0019B8
int$flags                                 temp         00004D
intlevel0                                 text         000000
intlevel1                                 text         000000
intlevel2                                 text         000000
intlevel3                                 text         000000
memcpy@d                                  cstackCOMRAM 000049
memcpy@d1                                 cstackCOMRAM 000042
memcpy@n                                  cstackCOMRAM 000046
memcpy@s                                  cstackCOMRAM 00004B
memcpy@s1                                 cstackCOMRAM 000044
memcpy@tmp                                cstackCOMRAM 000048
memset@c                                  cstackCOMRAM 000044
memset@n                                  cstackCOMRAM 000046
memset@p                                  cstackCOMRAM 000048
memset@p1                                 cstackCOMRAM 000042
stackhi                                   (abs)        0003FF
stacklo                                   (abs)        00007F
start                                     init         00009E
start_initialization                      cinit        0019A0
wtemp6                                    temp         00004E


FUNCTION INFORMATION:

 *************** function _main *****************
 Defined at:
		line 31 in file "../demo_src/main.c"
 Parameters:    Size  Location     Type
		None
 Auto vars:     Size  Location     Type
		None
 Return value:  Size  Location     Type
                  1    wreg      void 
 Registers used:
		wreg, fsr1l, fsr1h, fsr2l, fsr2h, status,2, status,0, tblptrl, tblptrh, tblptru, prodl, prodh, cstack
 Tracked objects:
		On entry : 
		On exit  : 
		Unchanged: 
 Data sizes:     COMRAM   BANK0   BANK1   BANK2   BANK3   BANK4   BANK5   BANK6   BANK7
      Params:         0       0       0       0       0       0       0       0       0
      Locals:         0       0       0       0       0       0       0       0       0
      Temps:          0       0       0       0       0       0       0       0       0
      Totals:         0       0       0       0       0       0       0       0       0
Total ram usage:        0 bytes
 Hardware stack levels required when called:   10
 This function calls:
		_APP_DeviceJoystickTasks
		_SYSTEM_Initialize
		_USBDeviceInit
		_USBDeviceTasks
 This function is called by:
		Startup code after reset
 This function uses a non-reentrant model


 *************** function _USBDeviceTasks *****************
 Defined at:
		line 477 in file "../../../../../../framework/usb/src/usb_device.c"
 Parameters:    Size  Location     Type
		None
 Auto vars:     Size  Location     Type
  i               1   16[BANK0 ] unsigned char 
 Return value:  Size  Location     Type
                  1    wreg      void 
 Registers used:
		wreg, fsr1l, fsr1h, fsr2l, fsr2h, status,2, status,0, tblptrl, tblptrh, tblptru, prodl, prodh, cstack
 Tracked objects:
		On entry : 
		On exit  : 
		Unchanged: 
 Data sizes:     COMRAM   BANK0   BANK1   BANK2   BANK3   BANK4   BANK5   BANK6   BANK7
      Params:         0       0       0       0       0       0       0       0       0
      Locals:         0       1       0       0       0       0       0       0       0
      Temps:          0       0       0       0       0       0       0       0       0
      Totals:         0       1       0       0       0       0       0       0       0
Total ram usage:        1 bytes
 Hardware stack levels used:    1
 Hardware stack levels required when called:    9
 This function calls:
		_USBCtrlEPAllowStatusStage
		_USBCtrlEPService
		_USBDeviceInit
		_USBIncrement1msInternalTimers
		_USBStallHandler
		_USBSuspend
		_USBWakeFromSuspend
		_USER_USB_CALLBACK_EVENT_HANDLER
 This function is called by:
		_main
 This function uses a non-reentrant model


 *************** function _USBWakeFromSuspend *****************
 Defined at:
		line 2303 in file "../../../../../../framework/usb/src/usb_device.c"
 Parameters:    Size  Location     Type
		None
 Auto vars:     Size  Location     Type
		None
 Return value:  Size  Location     Type
                  1    wreg      void 
 Registers used:
		wreg, fsr2l, fsr2h, status,2, status,0, prodl, prodh, cstack
 Tracked objects:
		On entry : 
		On exit  : 
		Unchanged: 
 Data sizes:     COMRAM   BANK0   BANK1   BANK2   BANK3   BANK4   BANK5   BANK6   BANK7
      Params:         0       0       0       0       0       0       0       0       0
      Locals:         0       0       0       0       0       0       0       0       0
      Temps:          0       0       0       0       0       0       0       0       0
      Totals:         0       0       0       0       0       0       0       0       0
Total ram usage:        0 bytes
 Hardware stack levels used:    1
 Hardware stack levels required when called:    5
 This function calls:
		_USER_USB_CALLBACK_EVENT_HANDLER
 This function is called by:
		_USBDeviceTasks
 This function uses a non-reentrant model


 *************** function _USBSuspend *****************
 Defined at:
		line 2245 in file "../../../../../../framework/usb/src/usb_device.c"
 Parameters:    Size  Location     Type
		None
 Auto vars:     Size  Location     Type
		None
 Return value:  Size  Location     Type
                  1    wreg      void 
 Registers used:
		wreg, fsr2l, fsr2h, status,2, status,0, prodl, prodh, cstack
 Tracked objects:
		On entry : 
		On exit  : 
		Unchanged: 
 Data sizes:     COMRAM   BANK0   BANK1   BANK2   BANK3   BANK4   BANK5   BANK6   BANK7
      Params:         0       0       0       0       0       0       0       0       0
      Locals:         0       0       0       0       0       0       0       0       0
      Temps:          0       0       0       0       0       0       0       0       0
      Totals:         0       0       0       0       0       0       0       0       0
Total ram usage:        0 bytes
 Hardware stack levels used:    1
 Hardware stack levels required when called:    5
 This function calls:
		_USER_USB_CALLBACK_EVENT_HANDLER
 This function is called by:
		_USBDeviceTasks
 This function uses a non-reentrant model


 *************** function _USBStallHandler *****************
 Defined at:
		line 2202 in file "../../../../../../framework/usb/src/usb_device.c"
 Parameters:    Size  Location     Type
		None
 Auto vars:     Size  Location     Type
		None
 Return value:  Size  Location     Type
                  1    wreg      void 
 Registers used:
		wreg, fsr2l, fsr2h, status,2, status,0
 Tracked objects:
		On entry : 
		On exit  : 
		Unchanged: 
 Data sizes:     COMRAM   BANK0   BANK1   BANK2   BANK3   BANK4   BANK5   BANK6   BANK7
      Params:         0       0       0       0       0       0       0       0       0
      Locals:         0       0       0       0       0       0       0       0       0
      Temps:          1       0       0       0       0       0       0       0       0
      Totals:         1       0       0       0       0       0       0       0       0
Total ram usage:        1 bytes
 Hardware stack levels used:    1
 Hardware stack levels required when called:    1
 This function calls:
		Nothing
 This function is called by:
		_USBDeviceTasks
 This function uses a non-reentrant model


 *************** function _USBIncrement1msInternalTimers *****************
 Defined at:
		line 3025 in file "../../../../../../framework/usb/src/usb_device.c"
 Parameters:    Size  Location     Type
		None
 Auto vars:     Size  Location     Type
		None
 Return value:  Size  Location     Type
                  1    wreg      void 
 Registers used:
		wreg, status,2, status,0
 Tracked objects:
		On entry : 
		On exit  : 
		Unchanged: 
 Data sizes:     COMRAM   BANK0   BANK1   BANK2   BANK3   BANK4   BANK5   BANK6   BANK7
      Params:         0       0       0       0       0       0       0       0       0
      Locals:         0       0       0       0       0       0       0       0       0
      Temps:          0       0       0       0       0       0       0       0       0
      Totals:         0       0       0       0       0       0       0       0       0
Total ram usage:        0 bytes
 Hardware stack levels used:    1
 Hardware stack levels required when called:    1
 This function calls:
		Nothing
 This function is called by:
		_USBDeviceTasks
 This function uses a non-reentrant model


 *************** function _USBDeviceInit *****************
 Defined at:
		line 277 in file "../../../../../../framework/usb/src/usb_device.c"
 Parameters:    Size  Location     Type
		None
 Auto vars:     Size  Location     Type
  i               1   26[COMRAM] unsigned char 
 Return value:  Size  Location     Type
                  1    wreg      void 
 Registers used:
		wreg, fsr2l, fsr2h, status,2, status,0, prodl, prodh, cstack
 Tracked objects:
		On entry : 
		On exit  : 
		Unchanged: 
 Data sizes:     COMRAM   BANK0   BANK1   BANK2   BANK3   BANK4   BANK5   BANK6   BANK7
      Params:         0       0       0       0       0       0       0       0       0
      Locals:         1       0       0       0       0       0       0       0       0
      Temps:          0       0       0       0       0       0       0       0       0
      Totals:         1       0       0       0       0       0       0       0       0
Total ram usage:        1 bytes
 Hardware stack levels used:    1
 Hardware stack levels required when called:    2
 This function calls:
		_memset
 This function is called by:
		_USBDeviceTasks
		_main
 This function uses a non-reentrant model


 *************** function _USBCtrlEPService *****************
 Defined at:
		line 2372 in file "../../../../../../framework/usb/src/usb_device.c"
 Parameters:    Size  Location     Type
		None
 Auto vars:     Size  Location     Type
		None
 Return value:  Size  Location     Type
                  1    wreg      void 
 Registers used:
		wreg, fsr1l, fsr1h, fsr2l, fsr2h, status,2, status,0, tblptrl, tblptrh, tblptru, prodl, prodh, cstack
 Tracked objects:
		On entry : 
		On exit  : 
		Unchanged: 
 Data sizes:     COMRAM   BANK0   BANK1   BANK2   BANK3   BANK4   BANK5   BANK6   BANK7
      Params:         0       0       0       0       0       0       0       0       0
      Locals:         0       0       0       0       0       0       0       0       0
      Temps:          0       1       0       0       0       0       0       0       0
      Totals:         0       1       0       0       0       0       0       0       0
Total ram usage:        1 bytes
 Hardware stack levels used:    1
 Hardware stack levels required when called:    8
 This function calls:
		_USBCtrlTrfInHandler
		_USBCtrlTrfOutHandler
		_USBCtrlTrfSetupHandler
		_memcpy
 This function is called by:
		_USBDeviceTasks
 This function uses a non-reentrant model


 *************** function _memcpy *****************
 Defined at:
		line 27 in file "C:\Program Files (x86)\Microchip\xc8\v1.45\sources\common\memcpy.c"
 Parameters:    Size  Location     Type
  d1              2   18[COMRAM] PTR void 
		 -> SetupPkt(8), 
  s1              2   20[COMRAM] PTR const void 
		 -> CtrlTrfData(8), RAM(2047), SetupPkt(8), 
  n               2   22[COMRAM] unsigned int 
 Auto vars:     Size  Location     Type
  s               2   27[COMRAM] PTR const unsigned char 
		 -> CtrlTrfData(8), RAM(2047), SetupPkt(8), 
  d               2   25[COMRAM] PTR unsigned char 
		 -> SetupPkt(8), 
  tmp             1   24[COMRAM] unsigned char 
 Return value:  Size  Location     Type
                  2   18[COMRAM] PTR void 
 Registers used:
		wreg, fsr2l, fsr2h, status,2, status,0
 Tracked objects:
		On entry : 
		On exit  : 
		Unchanged: 
 Data sizes:     COMRAM   BANK0   BANK1   BANK2   BANK3   BANK4   BANK5   BANK6   BANK7
      Params:         6       0       0       0       0       0       0       0       0
      Locals:         5       0       0       0       0       0       0       0       0
      Temps:          0       0       0       0       0       0       0       0       0
      Totals:        11       0       0       0       0       0       0       0       0
Total ram usage:       11 bytes
 Hardware stack levels used:    1
 Hardware stack levels required when called:    1
 This function calls:
		Nothing
 This function is called by:
		_USBCtrlEPService
 This function uses a non-reentrant model


 *************** function _USBCtrlTrfSetupHandler *****************
 Defined at:
		line 2465 in file "../../../../../../framework/usb/src/usb_device.c"
 Parameters:    Size  Location     Type
		None
 Auto vars:     Size  Location     Type
		None
 Return value:  Size  Location     Type
                  1    wreg      void 
 Registers used:
		wreg, fsr1l, fsr1h, fsr2l, fsr2h, status,2, status,0, tblptrl, tblptrh, tblptru, prodl, prodh, cstack
 Tracked objects:
		On entry : 
		On exit  : 
		Unchanged: 
 Data sizes:     COMRAM   BANK0   BANK1   BANK2   BANK3   BANK4   BANK5   BANK6   BANK7
      Params:         0       0       0       0       0       0       0       0       0
      Locals:         0       0       0       0       0       0       0       0       0
      Temps:          0       0       0       0       0       0       0       0       0
      Totals:         0       0       0       0       0       0       0       0       0
Total ram usage:        0 bytes
 Hardware stack levels used:    1
 Hardware stack levels required when called:    7
 This function calls:
		_USBCheckStdRequest
		_USBCtrlEPServiceComplete
		_USER_USB_CALLBACK_EVENT_HANDLER
 This function is called by:
		_USBCtrlEPService
 This function uses a non-reentrant model


 *************** function _USBCtrlEPServiceComplete *****************
 Defined at:
		line 1616 in file "../../../../../../framework/usb/src/usb_device.c"
 Parameters:    Size  Location     Type
		None
 Auto vars:     Size  Location     Type
		None
 Return value:  Size  Location     Type
                  1    wreg      void 
 Registers used:
		wreg, fsr1l, fsr1h, fsr2l, fsr2h, status,2, status,0, tblptrl, tblptrh, tblptru, cstack
 Tracked objects:
		On entry : 
		On exit  : 
		Unchanged: 
 Data sizes:     COMRAM   BANK0   BANK1   BANK2   BANK3   BANK4   BANK5   BANK6   BANK7
      Params:         0       0       0       0       0       0       0       0       0
      Locals:         0       0       0       0       0       0       0       0       0
      Temps:          0       0       0       0       0       0       0       0       0
      Totals:         0       0       0       0       0       0       0       0       0
Total ram usage:        0 bytes
 Hardware stack levels used:    1
 Hardware stack levels required when called:    3
 This function calls:
		_USBCtrlEPAllowDataStage
		_USBCtrlEPAllowStatusStage
 This function is called by:
		_USBCtrlTrfSetupHandler
 This function uses a non-reentrant model


 *************** function _USBCtrlEPAllowDataStage *****************
 Defined at:
		line 1488 in file "../../../../../../framework/usb/src/usb_device.c"
 Parameters:    Size  Location     Type
		None
 Auto vars:     Size  Location     Type
		None
 Return value:  Size  Location     Type
                  1    wreg      void 
 Registers used:
		wreg, fsr1l, fsr1h, fsr2l, fsr2h, status,2, status,0, tblptrl, tblptrh, tblptru, cstack
 Tracked objects:
		On entry : 
		On exit  : 
		Unchanged: 
 Data sizes:     COMRAM   BANK0   BANK1   BANK2   BANK3   BANK4   BANK5   BANK6   BANK7
      Params:         0       0       0       0       0       0       0       0       0
      Locals:         0       0       0       0       0       0       0       0       0
      Temps:          0       0       0       0       0       0       0       0       0
      Totals:         0       0       0       0       0       0       0       0       0
Total ram usage:        0 bytes
 Hardware stack levels used:    1
 Hardware stack levels required when called:    2
 This function calls:
		_USBCtrlTrfTxService
 This function is called by:
		_USBCtrlEPServiceComplete
 This function uses a non-reentrant model


 *************** function _USBCheckStdRequest *****************
 Defined at:
		line 2686 in file "../../../../../../framework/usb/src/usb_device.c"
 Parameters:    Size  Location     Type
		None
 Auto vars:     Size  Location     Type
		None
 Return value:  Size  Location     Type
                  1    wreg      void 
 Registers used:
		wreg, fsr1l, fsr1h, fsr2l, fsr2h, status,2, status,0, tblptrl, tblptrh, tblptru, prodl, prodh, cstack
 Tracked objects:
		On entry : 
		On exit  : 
		Unchanged: 
 Data sizes:     COMRAM   BANK0   BANK1   BANK2   BANK3   BANK4   BANK5   BANK6   BANK7
      Params:         0       0       0       0       0       0       0       0       0
      Locals:         0       0       0       0       0       0       0       0       0
      Temps:          0       0       0       0       0       0       0       0       0
      Totals:         0       0       0       0       0       0       0       0       0
Total ram usage:        0 bytes
 Hardware stack levels used:    1
 Hardware stack levels required when called:    6
 This function calls:
		_USBStdFeatureReqHandler
		_USBStdGetDscHandler
		_USBStdGetStatusHandler
		_USBStdSetCfgHandler
		_USER_USB_CALLBACK_EVENT_HANDLER
 This function is called by:
		_USBCtrlTrfSetupHandler
 This function uses a non-reentrant model


 *************** function _USBStdSetCfgHandler *****************
 Defined at:
		line 1968 in file "../../../../../../framework/usb/src/usb_device.c"
 Parameters:    Size  Location     Type
		None
 Auto vars:     Size  Location     Type
  i               1    9[BANK0 ] unsigned char 
 Return value:  Size  Location     Type
                  1    wreg      void 
 Registers used:
		wreg, fsr2l, fsr2h, status,2, status,0, prodl, prodh, cstack
 Tracked objects:
		On entry : 
		On exit  : 
		Unchanged: 
 Data sizes:     COMRAM   BANK0   BANK1   BANK2   BANK3   BANK4   BANK5   BANK6   BANK7
      Params:         0       0       0       0       0       0       0       0       0
      Locals:         0       1       0       0       0       0       0       0       0
      Temps:          0       0       0       0       0       0       0       0       0
      Totals:         0       1       0       0       0       0       0       0       0
Total ram usage:        1 bytes
 Hardware stack levels used:    1
 Hardware stack levels required when called:    5
 This function calls:
		_USER_USB_CALLBACK_EVENT_HANDLER
		_memset
 This function is called by:
		_USBCheckStdRequest
 This function uses a non-reentrant model


 *************** function _memset *****************
 Defined at:
		line 8 in file "C:\Program Files (x86)\Microchip\xc8\v1.45\sources\common\memset.c"
 Parameters:    Size  Location     Type
  p1              2   18[COMRAM] PTR void 
		 -> USBAlternateInterface(1), BDT(32), UEP1(1), 
  c               2   20[COMRAM] int 
  n               2   22[COMRAM] unsigned int 
 Auto vars:     Size  Location     Type
  p               2   24[COMRAM] PTR unsigned char 
		 -> USBAlternateInterface(1), BDT(32), UEP1(1), 
 Return value:  Size  Location     Type
                  2   18[COMRAM] PTR void 
 Registers used:
		wreg, fsr2l, fsr2h, status,2, status,0
 Tracked objects:
		On entry : 
		On exit  : 
		Unchanged: 
 Data sizes:     COMRAM   BANK0   BANK1   BANK2   BANK3   BANK4   BANK5   BANK6   BANK7
      Params:         6       0       0       0       0       0       0       0       0
      Locals:         2       0       0       0       0       0       0       0       0
      Temps:          0       0       0       0       0       0       0       0       0
      Totals:         8       0       0       0       0       0       0       0       0
Total ram usage:        8 bytes
 Hardware stack levels used:    1
 Hardware stack levels required when called:    1
 This function calls:
		Nothing
 This function is called by:
		_USBDeviceInit
		_USBStdSetCfgHandler
 This function uses a non-reentrant model


 *************** function _USBStdGetStatusHandler *****************
 Defined at:
		line 2129 in file "../../../../../../framework/usb/src/usb_device.c"
 Parameters:    Size  Location     Type
		None
 Auto vars:     Size  Location     Type
  p               2   19[COMRAM] PTR struct __BDT
		 -> RAM(2047), NULL(0), BDT(32), 
 Return value:  Size  Location     Type
                  1    wreg      void 
 Registers used:
		wreg, fsr2l, fsr2h, status,2, status,0, prodl, prodh
 Tracked objects:
		On entry : 
		On exit  : 
		Unchanged: 
 Data sizes:     COMRAM   BANK0   BANK1   BANK2   BANK3   BANK4   BANK5   BANK6   BANK7
      Params:         0       0       0       0       0       0       0       0       0
      Locals:         2       0       0       0       0       0       0       0       0
      Temps:          1       0       0       0       0       0       0       0       0
      Totals:         3       0       0       0       0       0       0       0       0
Total ram usage:        3 bytes
 Hardware stack levels used:    1
 Hardware stack levels required when called:    1
 This function calls:
		Nothing
 This function is called by:
		_USBCheckStdRequest
 This function uses a non-reentrant model


 *************** function _USBStdGetDscHandler *****************
 Defined at:
		line 2043 in file "../../../../../../framework/usb/src/usb_device.c"
 Parameters:    Size  Location     Type
		None
 Auto vars:     Size  Location     Type
		None
 Return value:  Size  Location     Type
                  1    wreg      void 
 Registers used:
		wreg, fsr1l, fsr1h, status,2, status,0, tblptrl, tblptrh, tblptru, prodl, prodh
 Tracked objects:
		On entry : 
		On exit  : 
		Unchanged: 
 Data sizes:     COMRAM   BANK0   BANK1   BANK2   BANK3   BANK4   BANK5   BANK6   BANK7
      Params:         0       0       0       0       0       0       0       0       0
      Locals:         0       0       0       0       0       0       0       0       0
      Temps:          2       0       0       0       0       0       0       0       0
      Totals:         2       0       0       0       0       0       0       0       0
Total ram usage:        2 bytes
 Hardware stack levels used:    1
 Hardware stack levels required when called:    1
 This function calls:
		Nothing
 This function is called by:
		_USBCheckStdRequest
 This function uses a non-reentrant model


 *************** function _USBStdFeatureReqHandler *****************
 Defined at:
		line 2754 in file "../../../../../../framework/usb/src/usb_device.c"
 Parameters:    Size  Location     Type
		None
 Auto vars:     Size  Location     Type
  p               2   13[BANK0 ] PTR struct __BDT
		 -> RAM(2047), NULL(0), BDT(32), 
  pUEP            2   10[BANK0 ] PTR unsigned char 
		 -> UEP0(1), 
  current_ep_d    1   12[BANK0 ] struct .
 Return value:  Size  Location     Type
                  1    wreg      void 
 Registers used:
		wreg, fsr2l, fsr2h, status,2, status,0, prodl, prodh, cstack
 Tracked objects:
		On entry : 
		On exit  : 
		Unchanged: 
 Data sizes:     COMRAM   BANK0   BANK1   BANK2   BANK3   BANK4   BANK5   BANK6   BANK7
      Params:         0       0       0       0       0       0       0       0       0
      Locals:         0       5       0       0       0       0       0       0       0
      Temps:          0       1       0       0       0       0       0       0       0
      Totals:         0       6       0       0       0       0       0       0       0
Total ram usage:        6 bytes
 Hardware stack levels used:    1
 Hardware stack levels required when called:    5
 This function calls:
		_USER_USB_CALLBACK_EVENT_HANDLER
 This function is called by:
		_USBCheckStdRequest
 This function uses a non-reentrant model


 *************** function _USER_USB_CALLBACK_EVENT_HANDLER *****************
 Defined at:
		line 50 in file "../demo_src/usb_events.c"
 Parameters:    Size  Location     Type
  event           2    3[BANK0 ] enum E5994
  pdata           2    5[BANK0 ] PTR void 
		 -> RAM(2047), USTATcopy(1), USBActiveConfiguration(1), NULL(0), 
		 -> BDT(32), 
  size            2    7[BANK0 ] unsigned int 
 Auto vars:     Size  Location     Type
		None
 Return value:  Size  Location     Type
                  1    wreg      unsigned char 
 Registers used:
		wreg, fsr2l, fsr2h, status,2, status,0, prodl, prodh, cstack
 Tracked objects:
		On entry : 
		On exit  : 
		Unchanged: 
 Data sizes:     COMRAM   BANK0   BANK1   BANK2   BANK3   BANK4   BANK5   BANK6   BANK7
      Params:         0       6       0       0       0       0       0       0       0
      Locals:         0       0       0       0       0       0       0       0       0
      Temps:          2       0       0       0       0       0       0       0       0
      Totals:         2       6       0       0       0       0       0       0       0
Total ram usage:        8 bytes
 Hardware stack levels used:    1
 Hardware stack levels required when called:    4
 This function calls:
		_APP_DeviceJoystickInitialize
		_APP_LEDUpdateUSBStatus
		_SYSTEM_Initialize
		_USBCheckHIDRequest
 This function is called by:
		_USBDeviceTasks
		_USBStdSetCfgHandler
		_USBSuspend
		_USBWakeFromSuspend
		_USBCtrlTrfSetupHandler
		_USBCheckStdRequest
		_USBStdFeatureReqHandler
 This function uses a non-reentrant model


 *************** function _USBCheckHIDRequest *****************
 Defined at:
		line 153 in file "../../../../../../framework/usb/src/usb_device_hid.c"
 Parameters:    Size  Location     Type
		None
 Auto vars:     Size  Location     Type
		None
 Return value:  Size  Location     Type
                  1    wreg      void 
 Registers used:
		wreg, status,2, status,0
 Tracked objects:
		On entry : 
		On exit  : 
		Unchanged: 
 Data sizes:     COMRAM   BANK0   BANK1   BANK2   BANK3   BANK4   BANK5   BANK6   BANK7
      Params:         0       0       0       0       0       0       0       0       0
      Locals:         0       0       0       0       0       0       0       0       0
      Temps:          0       0       0       0       0       0       0       0       0
      Totals:         0       0       0       0       0       0       0       0       0
Total ram usage:        0 bytes
 Hardware stack levels used:    1
 Hardware stack levels required when called:    1
 This function calls:
		Nothing
 This function is called by:
		_USER_USB_CALLBACK_EVENT_HANDLER
 This function uses a non-reentrant model


 *************** function _SYSTEM_Initialize *****************
 Defined at:
		line 79 in file "system.c"
 Parameters:    Size  Location     Type
  state           1    wreg     enum E6400
 Auto vars:     Size  Location     Type
  state           1   19[COMRAM] enum E6400
 Return value:  Size  Location     Type
                  1    wreg      void 
 Registers used:
		wreg, status,2, status,0, cstack
 Tracked objects:
		On entry : 
		On exit  : 
		Unchanged: 
 Data sizes:     COMRAM   BANK0   BANK1   BANK2   BANK3   BANK4   BANK5   BANK6   BANK7
      Params:         0       0       0       0       0       0       0       0       0
      Locals:         1       0       0       0       0       0       0       0       0
      Temps:          0       0       0       0       0       0       0       0       0
      Totals:         1       0       0       0       0       0       0       0       0
Total ram usage:        1 bytes
 Hardware stack levels used:    1
 Hardware stack levels required when called:    2
 This function calls:
		_BUTTON_Enable
		_LED_Enable
		_WHEEL_Enable
 This function is called by:
		_USER_USB_CALLBACK_EVENT_HANDLER
		_main
 This function uses a non-reentrant model


 *************** function _WHEEL_Enable *****************
 Defined at:
		line 93 in file "C:/Users/kyle.marshall/MPLABXProjects/USB_FFB_Wheel.X/framework/usb/inc/wheel.c"
 Parameters:    Size  Location     Type
  wheel           1    wreg     enum E5756
 Auto vars:     Size  Location     Type
  wheel           1   18[COMRAM] enum E5756
 Return value:  Size  Location     Type
                  1    wreg      void 
 Registers used:
		wreg, status,2, status,0
 Tracked objects:
		On entry : 
		On exit  : 
		Unchanged: 
 Data sizes:     COMRAM   BANK0   BANK1   BANK2   BANK3   BANK4   BANK5   BANK6   BANK7
      Params:         0       0       0       0       0       0       0       0       0
      Locals:         1       0       0       0       0       0       0       0       0
      Temps:          0       0       0       0       0       0       0       0       0
      Totals:         1       0       0       0       0       0       0       0       0
Total ram usage:        1 bytes
 Hardware stack levels used:    1
 Hardware stack levels required when called:    1
 This function calls:
		Nothing
 This function is called by:
		_SYSTEM_Initialize
 This function uses a non-reentrant model


 *************** function _LED_Enable *****************
 Defined at:
		line 228 in file "../../../../../../bsp/picdem_fs_usb_k50/leds.c"
 Parameters:    Size  Location     Type
  led             1    wreg     enum E2
 Auto vars:     Size  Location     Type
  led             1   18[COMRAM] enum E2
 Return value:  Size  Location     Type
                  1    wreg      void 
 Registers used:
		wreg, status,2, status,0
 Tracked objects:
		On entry : 
		On exit  : 
		Unchanged: 
 Data sizes:     COMRAM   BANK0   BANK1   BANK2   BANK3   BANK4   BANK5   BANK6   BANK7
      Params:         0       0       0       0       0       0       0       0       0
      Locals:         1       0       0       0       0       0       0       0       0
      Temps:          0       0       0       0       0       0       0       0       0
      Totals:         1       0       0       0       0       0       0       0       0
Total ram usage:        1 bytes
 Hardware stack levels used:    1
 Hardware stack levels required when called:    1
 This function calls:
		Nothing
 This function is called by:
		_SYSTEM_Initialize
 This function uses a non-reentrant model


 *************** function _BUTTON_Enable *****************
 Defined at:
		line 160 in file "../../../../../../bsp/picdem_fs_usb_k50/buttons.c"
 Parameters:    Size  Location     Type
  button          1    wreg     enum E5727
 Auto vars:     Size  Location     Type
  button          1   18[COMRAM] enum E5727
 Return value:  Size  Location     Type
                  1    wreg      void 
 Registers used:
		wreg, status,2, status,0
[...]
      Params:         0       0       0       0       0       0       0       0       0
      Locals:         0       0       0       0       0       0       0       0       0
      Temps:          0       0       0       0       0       0       0       0       0
      Totals:         0       0       0       0       0       0       0       0       0
Total ram usage:        0 bytes
 Hardware stack levels used:    1
 Hardware stack levels required when called:    3
 This function calls:
		_USBEnableEndpoint
 This function is called by:
		_USER_USB_CALLBACK_EVENT_HANDLER
 This function uses a non-reentrant model


 *************** function _USBEnableEndpoint *****************
 Defined at:
		line 878 in file "../../../../../../framework/usb/src/usb_device.c"
 Parameters:    Size  Location     Type
  ep              1    wreg     unsigned char 
  options         1   26[COMRAM] unsigned char 
 Auto vars:     Size  Location     Type
  ep              1    2[BANK0 ] unsigned char 
  p               2    0[BANK0 ] PTR unsigned char 
		 -> UEP0(1), 
 Return value:  Size  Location     Type
                  1    wreg      void 
 Registers used:
		wreg, fsr2l, fsr2h, status,2, status,0, prodl, prodh, cstack
 Tracked objects:
		On entry : 
		On exit  : 
		Unchanged: 
 Data sizes:     COMRAM   BANK0   BANK1   BANK2   BANK3   BANK4   BANK5   BANK6   BANK7
      Params:         1       0       0       0       0       0       0       0       0
      Locals:         0       3       0       0       0       0       0       0       0
      Temps:          0       0       0       0       0       0       0       0       0
      Totals:         1       3       0       0       0       0       0       0       0
Total ram usage:        4 bytes
 Hardware stack levels used:    1
 Hardware stack levels required when called:    2
 This function calls:
		_USBConfigureEndpoint
 This function is called by:
		_APP_DeviceJoystickInitialize
 This function uses a non-reentrant model


 *************** function _USBConfigureEndpoint *****************
 Defined at:
		line 1543 in file "../../../../../../framework/usb/src/usb_device.c"
 Parameters:    Size  Location     Type
  EPNum           1    wreg     unsigned char 
  direction       1   18[COMRAM] unsigned char 
 Auto vars:     Size  Location     Type
  EPNum           1   23[COMRAM] unsigned char 
  handle          2   24[COMRAM] PTR volatile struct __BD
		 -> BDT(32), 
 Return value:  Size  Location     Type
                  1    wreg      void 
 Registers used:
		wreg, fsr2l, fsr2h, status,2, status,0, prodl, prodh
 Tracked objects:
		On entry : 
		On exit  : 
		Unchanged: 
 Data sizes:     COMRAM   BANK0   BANK1   BANK2   BANK3   BANK4   BANK5   BANK6   BANK7
      Params:         1       0       0       0       0       0       0       0       0
      Locals:         3       0       0       0       0       0       0       0       0
      Temps:          4       0       0       0       0       0       0       0       0
      Totals:         8       0       0       0       0       0       0       0       0
Total ram usage:        8 bytes
 Hardware stack levels used:    1
 Hardware stack levels required when called:    1
 This function calls:
		Nothing
 This function is called by:
		_USBEnableEndpoint
 This function uses a non-reentrant model


 *************** function _USBCtrlTrfOutHandler *****************
 Defined at:
		line 2538 in file "../../../../../../framework/usb/src/usb_device.c"
 Parameters:    Size  Location     Type
		None
 Auto vars:     Size  Location     Type
		None
 Return value:  Size  Location     Type
                  1    wreg      void 
 Registers used:
		wreg, fsr1l, fsr1h, fsr2l, fsr2h, status,2, status,0, prodl, prodh, cstack
 Tracked objects:
		On entry : 
		On exit  : 
		Unchanged: 
 Data sizes:     COMRAM   BANK0   BANK1   BANK2   BANK3   BANK4   BANK5   BANK6   BANK7
      Params:         0       0       0       0       0       0       0       0       0
      Locals:         0       0       0       0       0       0       0       0       0
      Temps:          0       0       0       0       0       0       0       0       0
      Totals:         0       0       0       0       0       0       0       0       0
Total ram usage:        0 bytes
 Hardware stack levels used:    1
 Hardware stack levels required when called:    3
 This function calls:
		_USBCtrlTrfRxService
 This function is called by:
		_USBCtrlEPService
 This function uses a non-reentrant model


 *************** function _USBCtrlTrfRxService *****************
 Defined at:
		line 1852 in file "../../../../../../framework/usb/src/usb_device.c"
 Parameters:    Size  Location     Type
		None
 Auto vars:     Size  Location     Type
  byteToRead      1   19[COMRAM] unsigned char 
  i               1   18[COMRAM] unsigned char 
 Return value:  Size  Location     Type
                  1    wreg      void 
 Registers used:
		wreg, fsr1l, fsr1h, fsr2l, fsr2h, status,2, status,0, prodl, prodh, cstack
 Tracked objects:
		On entry : 
		On exit  : 
		Unchanged: 
 Data sizes:     COMRAM   BANK0   BANK1   BANK2   BANK3   BANK4   BANK5   BANK6   BANK7
      Params:         0       0       0       0       0       0       0       0       0
      Locals:         2       0       0       0       0       0       0       0       0
      Temps:          0       0       0       0       0       0       0       0       0
      Totals:         2       0       0       0       0       0       0       0       0
Total ram usage:        2 bytes
 Hardware stack levels used:    1
 Hardware stack levels required when called:    2
 This function calls:
		_USBCtrlEPAllowStatusStage
 This function is called by:
		_USBCtrlTrfOutHandler
 This function uses a non-reentrant model


 *************** function _USBCtrlEPAllowStatusStage *****************
 Defined at:
		line 1416 in file "../../../../../../framework/usb/src/usb_device.c"
 Parameters:    Size  Location     Type
		None
 Auto vars:     Size  Location     Type
		None
 Return value:  Size  Location     Type
                  1    wreg      void 
 Registers used:
		wreg, fsr2l, fsr2h, status,2, status,0
 Tracked objects:
		On entry : 
		On exit  : 
		Unchanged: 
 Data sizes:     COMRAM   BANK0   BANK1   BANK2   BANK3   BANK4   BANK5   BANK6   BANK7
      Params:         0       0       0       0       0       0       0       0       0
      Locals:         0       0       0       0       0       0       0       0       0
      Temps:          0       0       0       0       0       0       0       0       0
      Totals:         0       0       0       0       0       0       0       0       0
Total ram usage:        0 bytes
 Hardware stack levels used:    1
 Hardware stack levels required when called:    1
 This function calls:
		Nothing
 This function is called by:
		_USBDeviceTasks
		_USBCtrlEPServiceComplete
		_USBCtrlTrfRxService
 This function uses a non-reentrant model


 *************** function _USBCtrlTrfInHandler *****************
 Defined at:
		line 2592 in file "../../../../../../framework/usb/src/usb_device.c"
 Parameters:    Size  Location     Type
		None
 Auto vars:     Size  Location     Type
  lastDTS         1   19[COMRAM] unsigned char 
 Return value:  Size  Location     Type
                  1    wreg      void 
 Registers used:
		wreg, fsr1l, fsr1h, fsr2l, fsr2h, status,2, status,0, tblptrl, tblptrh, tblptru, cstack
 Tracked objects:
		On entry : 
		On exit  : 
		Unchanged: 
 Data sizes:     COMRAM   BANK0   BANK1   BANK2   BANK3   BANK4   BANK5   BANK6   BANK7
      Params:         0       0       0       0       0       0       0       0       0
      Locals:         1       0       0       0       0       0       0       0       0
      Temps:          0       0       0       0       0       0       0       0       0
      Totals:         1       0       0       0       0       0       0       0       0
Total ram usage:        1 bytes
 Hardware stack levels used:    1
 Hardware stack levels required when called:    2
 This function calls:
		_USBCtrlTrfTxService
 This function is called by:
		_USBCtrlEPService
 This function uses a non-reentrant model


 *************** function _USBCtrlTrfTxService *****************
 Defined at:
		line 1771 in file "../../../../../../framework/usb/src/usb_device.c"
 Parameters:    Size  Location     Type
		None
 Auto vars:     Size  Location     Type
  byteToSend      1   18[COMRAM] unsigned char 
 Return value:  Size  Location     Type
                  1    wreg      void 
 Registers used:
		wreg, fsr1l, fsr1h, fsr2l, fsr2h, status,2, status,0, tblptrl, tblptrh, tblptru
 Tracked objects:
		On entry : 
		On exit  : 
		Unchanged: 
 Data sizes:     COMRAM   BANK0   BANK1   BANK2   BANK3   BANK4   BANK5   BANK6   BANK7
      Params:         0       0       0       0       0       0       0       0       0
      Locals:         1       0       0       0       0       0       0       0       0
      Temps:          0       0       0       0       0       0       0       0       0
      Totals:         1       0       0       0       0       0       0       0       0
Total ram usage:        1 bytes
 Hardware stack levels used:    1
 Hardware stack levels required when called:    1
 This function calls:
		Nothing
 This function is called by:
		_USBCtrlEPAllowDataStage
		_USBCtrlTrfInHandler
 This function uses a non-reentrant model


 *************** function _APP_DeviceJoystickTasks *****************
 Defined at:
		line 143 in file "../demo_src/app_device_joystick.c"
 Parameters:    Size  Location     Type
		None
 Auto vars:     Size  Location     Type
		None
 Return value:  Size  Location     Type
                  1    wreg      void 
 Registers used:
		wreg, fsr2l, fsr2h, status,2, status,0, prodl, prodh, cstack
 Tracked objects:
		On entry : 
		On exit  : 
		Unchanged: 
 Data sizes:     COMRAM   BANK0   BANK1   BANK2   BANK3   BANK4   BANK5   BANK6   BANK7
      Params:         0       0       0       0       0       0       0       0       0
      Locals:         0       0       0       0       0       0       0       0       0
      Temps:          0       0       0       0       0       0       0       0       0
      Totals:         0       0       0       0       0       0       0       0       0
Total ram usage:        0 bytes
 Hardware stack levels used:    1
 Hardware stack levels required when called:    2
 This function calls:
		_BUTTON_IsPressed
		_USBTransferOnePacket
		_WHEEL_Position
 This function is called by:
		_main
 This function uses a non-reentrant model


 *************** function _WHEEL_Position *****************
 Defined at:
		line 52 in file "C:/Users/kyle.marshall/MPLABXProjects/USB_FFB_Wheel.X/framework/usb/inc/wheel.c"
 Parameters:    Size  Location     Type
  wheel           1    wreg     enum E5756
 Auto vars:     Size  Location     Type
  wheel           1   19[COMRAM] enum E5756
 Return value:  Size  Location     Type
                  1    wreg      unsigned char 
 Registers used:
		wreg, status,2, status,0
 Tracked objects:
		On entry : 
		On exit  : 
		Unchanged: 
 Data sizes:     COMRAM   BANK0   BANK1   BANK2   BANK3   BANK4   BANK5   BANK6   BANK7
      Params:         0       0       0       0       0       0       0       0       0
      Locals:         1       0       0       0       0       0       0       0       0
      Temps:          1       0       0       0       0       0       0       0       0
      Totals:         2       0       0       0       0       0       0       0       0
Total ram usage:        2 bytes
 Hardware stack levels used:    1
 Hardware stack levels required when called:    1
 This function calls:
		Nothing
 This function is called by:
		_APP_DeviceJoystickTasks
 This function uses a non-reentrant model


 *************** function _USBTransferOnePacket *****************
 Defined at:
		line 995 in file "../../../../../../framework/usb/src/usb_device.c"
 Parameters:    Size  Location     Type
  ep              1    wreg     unsigned char 
  dir             1   18[COMRAM] unsigned char 
  data            2   19[COMRAM] PTR unsigned char 
		 -> joystick_input(7), 
  len             1   21[COMRAM] unsigned char 
 Auto vars:     Size  Location     Type
  ep              1   26[COMRAM] unsigned char 
  handle          2   27[COMRAM] PTR volatile struct __BD
		 -> RAM(2047), NULL(0), BDT(32), 
 Return value:  Size  Location     Type
                  2   18[COMRAM] PTR void 
 Registers used:
		wreg, fsr2l, fsr2h, status,2, status,0, prodl, prodh
 Tracked objects:
		On entry : 
		On exit  : 
		Unchanged: 
 Data sizes:     COMRAM   BANK0   BANK1   BANK2   BANK3   BANK4   BANK5   BANK6   BANK7
      Params:         4       0       0       0       0       0       0       0       0
      Locals:         3       0       0       0       0       0       0       0       0
      Temps:          4       0       0       0       0       0       0       0       0
      Totals:        11       0       0       0       0       0       0       0       0
Total ram usage:       11 bytes
 Hardware stack levels used:    1
 Hardware stack levels required when called:    1
 This function calls:
		Nothing
 This function is called by:
		_APP_DeviceJoystickTasks
 This function uses a non-reentrant model


 *************** function _BUTTON_IsPressed *****************
 Defined at:
		line 94 in file "../../../../../../bsp/picdem_fs_usb_k50/buttons.c"
 Parameters:    Size  Location     Type
  button          1    wreg     enum E5727
 Auto vars:     Size  Location     Type
  button          1   18[COMRAM] enum E5727
 Return value:  Size  Location     Type
                  1    wreg      unsigned char 
 Registers used:
		wreg, status,2, status,0
 Tracked objects:
		On entry : 
		On exit  : 
		Unchanged: 
 Data sizes:     COMRAM   BANK0   BANK1   BANK2   BANK3   BANK4   BANK5   BANK6   BANK7
      Params:         0       0       0       0       0       0       0       0       0
      Locals:         1       0       0       0       0       0       0       0       0
      Temps:          0       0       0       0       0       0       0       0       0
      Totals:         1       0       0       0       0       0       0       0       0
Total ram usage:        1 bytes
 Hardware stack levels used:    1
 Hardware stack levels required when called:    1
 This function calls:
		Nothing
 This function is called by:
		_APP_DeviceJoystickTasks
 This function uses a non-reentrant model


 *************** function _SYS_InterruptHigh *****************
 Defined at:
		line 112 in file "system.c"
 Parameters:    Size  Location     Type
		None
 Auto vars:     Size  Location     Type
		None
 Return value:  Size  Location     Type
                  1    wreg      void 
 Registers used:
		None
 Tracked objects:
		On entry : 
		On exit  : 
		Unchanged: 
 Data sizes:     COMRAM   BANK0   BANK1   BANK2   BANK3   BANK4   BANK5   BANK6   BANK7
      Params:         0       0       0       0       0       0       0       0       0
      Locals:         0       0       0       0       0       0       0       0       0
      Temps:         18       0       0       0       0       0       0       0       0
      Totals:        18       0       0       0       0       0       0       0       0
Total ram usage:       18 bytes
 Hardware stack levels used:    1
 This function calls:
		Nothing
 This function is called by:
		Interrupt level 2
 This function uses a non-reentrant model



MODULE INFORMATION

Module		Function		Class		Link	Load	Size
../demo_src/usb_events.c
		_USER_USB_CALLBACK_EVENT_HANDLER		CODE           	15F6	0000	127

../demo_src/usb_events.c estimated size: 127

../../../../../../bsp/picdem_fs_usb_k50/buttons.c
		_BUTTON_IsPressed		CODE           	0B04	0000	255
		_BUTTON_Enable 		CODE           	11CA	0000	189

../../../../../../bsp/picdem_fs_usb_k50/buttons.c estimated size: 444

../demo_src/app_device_joystick.c
		_APP_DeviceJoystickInitialize		CODE           	1A06	0000	23
		_APP_DeviceJoystickTasks		CODE           	0344	0000	509

../demo_src/app_device_joystick.c estimated size: 532

C:\Program Files (x86)\Microchip\xc8\v1.45\sources\common\memcpy.c
		_memcpy        		CODE           	1760	0000	69

C:\Program Files (x86)\Microchip\xc8\v1.45\sources\common\memcpy.c estimated size: 69

../../../../../../framework/usb/src/usb_device.c
		_USBCtrlTrfInHandler		CODE           	110C	0000	191
		_USBTransferOnePacket		CODE           	0A02	0000	259
		_USBStdGetDscHandler		CODE           	07DA	0000	283
		_USBCtrlEPAllowDataStage		CODE           	13BA	0000	151
		_USBStdFeatureReqHandler		CODE           	00A2	0000	675
		_USBCtrlEPAllowStatusStage		CODE           	104A	0000	195
		_USBCtrlTrfSetupHandler		CODE           	14E4	0000	147
		_USBCtrlTrfOutHandler		CODE           	1674	0000	93
		_USBCtrlEPServiceComplete		CODE           	0C02	0000	243
		_USBSuspend    		CODE           	1946	0000	47
		_USBStdSetCfgHandler		CODE           	0CF4	0000	225
		_USBStdGetStatusHandler		CODE           	1286	0000	157
		_USBWakeFromSuspend		CODE           	1912	0000	53
		_USBCtrlTrfRxService		CODE           	08F4	0000	271
		_USBCtrlTrfTxService		CODE           	0F84	0000	199
		_USBEnableEndpoint		CODE           	17A4	0000	69
		_USBConfigureEndpoint		CODE           	1450	0000	149
		_USBDeviceInit 		CODE           	069E	0000	317
		_USBIncrement1msInternalTimers		CODE           	19E6	0000	33
		_USBCtrlEPService		CODE           	1322	0000	153
		_USBStallHandler		CODE           	17E8	0000	67
		_USBDeviceTasks		CODE           	0540	0000	351
		_USBCheckStdRequest		CODE           	0DD4	0000	219

../../../../../../framework/usb/src/usb_device.c estimated size: 4547

../../../../../../framework/usb/src/usb_device_hid.c
		_USBCheckHIDRequest		CODE           	0EAE	0000	215

../../../../../../framework/usb/src/usb_device_hid.c estimated size: 215

shared
		_configDescriptor1		MEDIUMCONST    	7FA3	0000	42
		_USB_CD_Ptr    		MEDIUMCONST    	7A73	0000	3
		_sd001         		MEDIUMCONST    	7F6F	0000	53
		_sd002         		MEDIUMCONST    	7FCC	0000	29
		__initialization		CODE           	19A0	0000	25
		_device_dsc    		MEDIUMCONST    	7FE8	0000	19
		_USB_SD_Ptr    		MEDIUMCONST    	7A6D	0000	7
		_hid_rpt01     		MEDIUMCONST    	7A75	0000	1275
		_sd000         		MEDIUMCONST    	7FFA	0000	5

shared estimated size: 1458

C:/Users/kyle.marshall/MPLABXProjects/USB_FFB_Wheel.X/framework/usb/inc/wheel.c
		_WHEEL_Position		CODE           	1868	0000	63
		_WHEEL_Enable  		CODE           	16D0	0000	75

C:/Users/kyle.marshall/MPLABXProjects/USB_FFB_Wheel.X/framework/usb/inc/wheel.c estimated size: 138

../../../../../../bsp/picdem_fs_usb_k50/leds.c
		_LED_Off       		CODE           	18DC	0000	55
		_LED_On        		CODE           	18A6	0000	55
		_LED_Enable    		CODE           	171A	0000	71

../../../../../../bsp/picdem_fs_usb_k50/leds.c estimated size: 181

system.c
		_SYS_InterruptHigh		CODE           	0008	0000	151
		_SYSTEM_Initialize		CODE           	182A	0000	63

system.c estimated size: 214

../demo_src/app_led_usb_status.c
		_APP_LEDUpdateUSBStatus		CODE           	1576	0000	129

../demo_src/app_led_usb_status.c estimated size: 129

../demo_src/main.c
		_main          		CODE           	19C6	0000	33

../demo_src/main.c estimated size: 33

C:\Program Files (x86)\Microchip\xc8\v1.45\sources\common\memset.c
		_memset        		CODE           	1974	0000	45

C:\Program Files (x86)\Microchip\xc8\v1.45\sources\common\memset.c estimated size: 45

